Archive member included to satisfy reference by file (symbol)

C:/ST/STM32CubeIDE_1.15.0/STM32CubeIDE/plugins/com.st.stm32cube.ide.mcu.externaltools.gnu-tools-for-stm32.12.3.rel1.win32_1.0.100.202403111256/tools/bin/../lib/gcc/arm-none-eabi/12.3.1/../../../../arm-none-eabi/lib/thumb/v7-m/nofp\libc_nano.a(libc_a-exit.o)
                              C:/ST/STM32CubeIDE_1.15.0/STM32CubeIDE/plugins/com.st.stm32cube.ide.mcu.externaltools.gnu-tools-for-stm32.12.3.rel1.win32_1.0.100.202403111256/tools/bin/../lib/gcc/arm-none-eabi/12.3.1/../../../../arm-none-eabi/lib/thumb/v7-m/nofp/crt0.o (exit)
C:/ST/STM32CubeIDE_1.15.0/STM32CubeIDE/plugins/com.st.stm32cube.ide.mcu.externaltools.gnu-tools-for-stm32.12.3.rel1.win32_1.0.100.202403111256/tools/bin/../lib/gcc/arm-none-eabi/12.3.1/../../../../arm-none-eabi/lib/thumb/v7-m/nofp\libc_nano.a(libc_a-findfp.o)
                              C:/ST/STM32CubeIDE_1.15.0/STM32CubeIDE/plugins/com.st.stm32cube.ide.mcu.externaltools.gnu-tools-for-stm32.12.3.rel1.win32_1.0.100.202403111256/tools/bin/../lib/gcc/arm-none-eabi/12.3.1/../../../../arm-none-eabi/lib/thumb/v7-m/nofp\libc_nano.a(libc_a-exit.o) (__stdio_exit_handler)
C:/ST/STM32CubeIDE_1.15.0/STM32CubeIDE/plugins/com.st.stm32cube.ide.mcu.externaltools.gnu-tools-for-stm32.12.3.rel1.win32_1.0.100.202403111256/tools/bin/../lib/gcc/arm-none-eabi/12.3.1/../../../../arm-none-eabi/lib/thumb/v7-m/nofp\libc_nano.a(libc_a-fwalk.o)
                              C:/ST/STM32CubeIDE_1.15.0/STM32CubeIDE/plugins/com.st.stm32cube.ide.mcu.externaltools.gnu-tools-for-stm32.12.3.rel1.win32_1.0.100.202403111256/tools/bin/../lib/gcc/arm-none-eabi/12.3.1/../../../../arm-none-eabi/lib/thumb/v7-m/nofp\libc_nano.a(libc_a-findfp.o) (_fwalk_sglue)
C:/ST/STM32CubeIDE_1.15.0/STM32CubeIDE/plugins/com.st.stm32cube.ide.mcu.externaltools.gnu-tools-for-stm32.12.3.rel1.win32_1.0.100.202403111256/tools/bin/../lib/gcc/arm-none-eabi/12.3.1/../../../../arm-none-eabi/lib/thumb/v7-m/nofp\libc_nano.a(libc_a-sprintf.o)
                              ./Core/Src/main.o (sprintf)
C:/ST/STM32CubeIDE_1.15.0/STM32CubeIDE/plugins/com.st.stm32cube.ide.mcu.externaltools.gnu-tools-for-stm32.12.3.rel1.win32_1.0.100.202403111256/tools/bin/../lib/gcc/arm-none-eabi/12.3.1/../../../../arm-none-eabi/lib/thumb/v7-m/nofp\libc_nano.a(libc_a-stdio.o)
                              C:/ST/STM32CubeIDE_1.15.0/STM32CubeIDE/plugins/com.st.stm32cube.ide.mcu.externaltools.gnu-tools-for-stm32.12.3.rel1.win32_1.0.100.202403111256/tools/bin/../lib/gcc/arm-none-eabi/12.3.1/../../../../arm-none-eabi/lib/thumb/v7-m/nofp\libc_nano.a(libc_a-findfp.o) (__sread)
C:/ST/STM32CubeIDE_1.15.0/STM32CubeIDE/plugins/com.st.stm32cube.ide.mcu.externaltools.gnu-tools-for-stm32.12.3.rel1.win32_1.0.100.202403111256/tools/bin/../lib/gcc/arm-none-eabi/12.3.1/../../../../arm-none-eabi/lib/thumb/v7-m/nofp\libc_nano.a(libc_a-memset.o)
                              C:/ST/STM32CubeIDE_1.15.0/STM32CubeIDE/plugins/com.st.stm32cube.ide.mcu.externaltools.gnu-tools-for-stm32.12.3.rel1.win32_1.0.100.202403111256/tools/bin/../lib/gcc/arm-none-eabi/12.3.1/../../../../arm-none-eabi/lib/thumb/v7-m/nofp/crt0.o (memset)
C:/ST/STM32CubeIDE_1.15.0/STM32CubeIDE/plugins/com.st.stm32cube.ide.mcu.externaltools.gnu-tools-for-stm32.12.3.rel1.win32_1.0.100.202403111256/tools/bin/../lib/gcc/arm-none-eabi/12.3.1/../../../../arm-none-eabi/lib/thumb/v7-m/nofp\libc_nano.a(libc_a-strcat.o)
                              ./Core/Src/at.o (strcat)
C:/ST/STM32CubeIDE_1.15.0/STM32CubeIDE/plugins/com.st.stm32cube.ide.mcu.externaltools.gnu-tools-for-stm32.12.3.rel1.win32_1.0.100.202403111256/tools/bin/../lib/gcc/arm-none-eabi/12.3.1/../../../../arm-none-eabi/lib/thumb/v7-m/nofp\libc_nano.a(libc_a-strstr.o)
                              ./Core/Src/at.o (strstr)
C:/ST/STM32CubeIDE_1.15.0/STM32CubeIDE/plugins/com.st.stm32cube.ide.mcu.externaltools.gnu-tools-for-stm32.12.3.rel1.win32_1.0.100.202403111256/tools/bin/../lib/gcc/arm-none-eabi/12.3.1/../../../../arm-none-eabi/lib/thumb/v7-m/nofp\libc_nano.a(libc_a-closer.o)
                              C:/ST/STM32CubeIDE_1.15.0/STM32CubeIDE/plugins/com.st.stm32cube.ide.mcu.externaltools.gnu-tools-for-stm32.12.3.rel1.win32_1.0.100.202403111256/tools/bin/../lib/gcc/arm-none-eabi/12.3.1/../../../../arm-none-eabi/lib/thumb/v7-m/nofp\libc_nano.a(libc_a-stdio.o) (_close_r)
C:/ST/STM32CubeIDE_1.15.0/STM32CubeIDE/plugins/com.st.stm32cube.ide.mcu.externaltools.gnu-tools-for-stm32.12.3.rel1.win32_1.0.100.202403111256/tools/bin/../lib/gcc/arm-none-eabi/12.3.1/../../../../arm-none-eabi/lib/thumb/v7-m/nofp\libc_nano.a(libc_a-reent.o)
                              C:/ST/STM32CubeIDE_1.15.0/STM32CubeIDE/plugins/com.st.stm32cube.ide.mcu.externaltools.gnu-tools-for-stm32.12.3.rel1.win32_1.0.100.202403111256/tools/bin/../lib/gcc/arm-none-eabi/12.3.1/../../../../arm-none-eabi/lib/thumb/v7-m/nofp\libc_nano.a(libc_a-closer.o) (errno)
[...]
Memory Configuration

Name             Origin             Length             Attributes
RAM              0x20000000         0x00005000         xrw
FLASH            0x08000000         0x00010000         xr
*default*        0x00000000         0xffffffff

Linker script and memory map

LOAD C:/ST/STM32CubeIDE_1.15.0/STM32CubeIDE/plugins/com.st.stm32cube.ide.mcu.externaltools.gnu-tools-for-stm32.12.3.rel1.win32_1.0.100.202403111256/tools/bin/../lib/gcc/arm-none-eabi/12.3.1/thumb/v7-m/nofp/crti.o
LOAD C:/ST/STM32CubeIDE_1.15.0/STM32CubeIDE/plugins/com.st.stm32cube.ide.mcu.externaltools.gnu-tools-for-stm32.12.3.rel1.win32_1.0.100.202403111256/tools/bin/../lib/gcc/arm-none-eabi/12.3.1/thumb/v7-m/nofp/crtbegin.o
LOAD C:/ST/STM32CubeIDE_1.15.0/STM32CubeIDE/plugins/com.st.stm32cube.ide.mcu.externaltools.gnu-tools-for-stm32.12.3.rel1.win32_1.0.100.202403111256/tools/bin/../lib/gcc/arm-none-eabi/12.3.1/../../../../arm-none-eabi/lib/thumb/v7-m/nofp/crt0.o
LOAD ./Core/Src/at.o
LOAD ./Core/Src/crc16.o
LOAD ./Core/Src/fonts.o
LOAD ./Core/Src/gpio.o
LOAD ./Core/Src/i2c.o
LOAD ./Core/Src/logger.o
LOAD ./Core/Src/main.o
LOAD ./Core/Src/modbus.o
LOAD ./Core/Src/mqtt.o
LOAD ./Core/Src/oled.o
LOAD ./Core/Src/rtc.o
LOAD ./Core/Src/rtc_delay.o
LOAD ./Core/Src/sim.o
LOAD ./Core/Src/ssd1306.o
LOAD ./Core/Src/stm32f1xx_hal_msp.o
LOAD ./Core/Src/stm32f1xx_it.o
LOAD ./Core/Src/syscalls.o
LOAD ./Core/Src/sysmem.o
LOAD ./Core/Src/system_stm32f1xx.o
LOAD ./Core/Src/usart.o
LOAD ./Core/Startup/startup_stm32f103c8tx.o
LOAD ./Drivers/STM32F1xx_HAL_Driver/Src/stm32f1xx_hal.o
LOAD ./Drivers/STM32F1xx_HAL_Driver/Src/stm32f1xx_hal_cortex.o
LOAD ./Drivers/STM32F1xx_HAL_Driver/Src/stm32f1xx_hal_dma.o
LOAD ./Drivers/STM32F1xx_HAL_Driver/Src/stm32f1xx_hal_exti.o
LOAD ./Drivers/STM32F1xx_HAL_Driver/Src/stm32f1xx_hal_flash.o
LOAD ./Drivers/STM32F1xx_HAL_Driver/Src/stm32f1xx_hal_flash_ex.o
LOAD ./Drivers/STM32F1xx_HAL_Driver/Src/stm32f1xx_hal_gpio.o
LOAD ./Drivers/STM32F1xx_HAL_Driver/Src/stm32f1xx_hal_gpio_ex.o
LOAD ./Drivers/STM32F1xx_HAL_Driver/Src/stm32f1xx_hal_i2c.o
LOAD ./Drivers/STM32F1xx_HAL_Driver/Src/stm32f1xx_hal_pwr.o
LOAD ./Drivers/STM32F1xx_HAL_Driver/Src/stm32f1xx_hal_rcc.o
LOAD ./Drivers/STM32F1xx_HAL_Driver/Src/stm32f1xx_hal_rcc_ex.o
LOAD ./Drivers/STM32F1xx_HAL_Driver/Src/stm32f1xx_hal_rtc.o
LOAD ./Drivers/STM32F1xx_HAL_Driver/Src/stm32f1xx_hal_rtc_ex.o
LOAD ./Drivers/STM32F1xx_HAL_Driver/Src/stm32f1xx_hal_tim.o
LOAD ./Drivers/STM32F1xx_HAL_Driver/Src/stm32f1xx_hal_tim_ex.o
LOAD ./Drivers/STM32F1xx_HAL_Driver/Src/stm32f1xx_hal_uart.o
START GROUP
LOAD C:/ST/STM32CubeIDE_1.15.0/STM32CubeIDE/plugins/com.st.stm32cube.ide.mcu.externaltools.gnu-tools-for-stm32.12.3.rel1.win32_1.0.100.202403111256/tools/bin/../lib/gcc/arm-none-eabi/12.3.1/../../../../arm-none-eabi/lib/thumb/v7-m/nofp\libc_nano.a
LOAD C:/ST/STM32CubeIDE_1.15.0/STM32CubeIDE/plugins/com.st.stm32cube.ide.mcu.externaltools.gnu-tools-for-stm32.12.3.rel1.win32_1.0.100.202403111256/tools/bin/../lib/gcc/arm-none-eabi/12.3.1/../../../../arm-none-eabi/lib/thumb/v7-m/nofp\libm.a
END GROUP
START GROUP
LOAD C:/ST/STM32CubeIDE_1.15.0/STM32CubeIDE/plugins/com.st.stm32cube.ide.mcu.externaltools.gnu-tools-for-stm32.12.3.rel1.win32_1.0.100.202403111256/tools/bin/../lib/gcc/arm-none-eabi/12.3.1/thumb/v7-m/nofp\libgcc.a
LOAD C:/ST/STM32CubeIDE_1.15.0/STM32CubeIDE/plugins/com.st.stm32cube.ide.mcu.externaltools.gnu-tools-for-stm32.12.3.rel1.win32_1.0.100.202403111256/tools/bin/../lib/gcc/arm-none-eabi/12.3.1/../../../../arm-none-eabi/lib/thumb/v7-m/nofp\libc_nano.a
END GROUP
START GROUP
LOAD C:/ST/STM32CubeIDE_1.15.0/STM32CubeIDE/plugins/com.st.stm32cube.ide.mcu.externaltools.gnu-tools-for-stm32.12.3.rel1.win32_1.0.100.202403111256/tools/bin/../lib/gcc/arm-none-eabi/12.3.1/thumb/v7-m/nofp\libgcc.a
LOAD C:/ST/STM32CubeIDE_1.15.0/STM32CubeIDE/plugins/com.st.stm32cube.ide.mcu.externaltools.gnu-tools-for-stm32.12.3.rel1.win32_1.0.100.202403111256/tools/bin/../lib/gcc/arm-none-eabi/12.3.1/../../../../arm-none-eabi/lib/thumb/v7-m/nofp\libc_nano.a
LOAD C:/ST/STM32CubeIDE_1.15.0/STM32CubeIDE/plugins/com.st.stm32cube.ide.mcu.externaltools.gnu-tools-for-stm32.12.3.rel1.win32_1.0.100.202403111256/tools/bin/../lib/gcc/arm-none-eabi/12.3.1/../../../../arm-none-eabi/lib/thumb/v7-m/nofp\libnosys.a
END GROUP
START GROUP
LOAD C:/ST/STM32CubeIDE_1.15.0/STM32CubeIDE/plugins/com.st.stm32cube.ide.mcu.externaltools.gnu-tools-for-stm32.12.3.rel1.win32_1.0.100.202403111256/tools/bin/../lib/gcc/arm-none-eabi/12.3.1/thumb/v7-m/nofp\libgcc.a
LOAD C:/ST/STM32CubeIDE_1.15.0/STM32CubeIDE/plugins/com.st.stm32cube.ide.mcu.externaltools.gnu-tools-for-stm32.12.3.rel1.win32_1.0.100.202403111256/tools/bin/../lib/gcc/arm-none-eabi/12.3.1/../../../../arm-none-eabi/lib/thumb/v7-m/nofp\libc_nano.a
LOAD C:/ST/STM32CubeIDE_1.15.0/STM32CubeIDE/plugins/com.st.stm32cube.ide.mcu.externaltools.gnu-tools-for-stm32.12.3.rel1.win32_1.0.100.202403111256/tools/bin/../lib/gcc/arm-none-eabi/12.3.1/../../../../arm-none-eabi/lib/thumb/v7-m/nofp\libnosys.a
END GROUP
LOAD C:/ST/STM32CubeIDE_1.15.0/STM32CubeIDE/plugins/com.st.stm32cube.ide.mcu.externaltools.gnu-tools-for-stm32.12.3.rel1.win32_1.0.100.202403111256/tools/bin/../lib/gcc/arm-none-eabi/12.3.1/thumb/v7-m/nofp/crtend.o
LOAD C:/ST/STM32CubeIDE_1.15.0/STM32CubeIDE/plugins/com.st.stm32cube.ide.mcu.externaltools.gnu-tools-for-stm32.12.3.rel1.win32_1.0.100.202403111256/tools/bin/../lib/gcc/arm-none-eabi/12.3.1/thumb/v7-m/nofp/crtn.o
                0x20005000                        _estack = (ORIGIN (RAM) + LENGTH (RAM))
                0x00000200                        _Min_Heap_Size = 0x200
                0x00000400                        _Min_Stack_Size = 0x400

.isr_vector     0x08000000      0x10c
                0x08000000                        . = ALIGN (0x4)
 *(.isr_vector)
 .isr_vector    0x08000000      0x10c ./Core/Startup/startup_stm32f103c8tx.o
                0x08000000                g_pfnVectors
                0x0800010c                        . = ALIGN (0x4)

.text           0x0800010c     0x6f04
                0x0800010c                        . = ALIGN (0x4)
 *(.text)
 .text          0x0800010c       0x40 C:/ST/STM32CubeIDE_1.15.0/STM32CubeIDE/plugins/com.st.stm32cube.ide.mcu.externaltools.gnu-tools-for-stm32.12.3.rel1.win32_1.0.100.202403111256/tools/bin/../lib/gcc/arm-none-eabi/12.3.1/thumb/v7-m/nofp/crtbegin.o
 .text          0x0800014c       0x10 C:/ST/STM32CubeIDE_1.15.0/STM32CubeIDE/plugins/com.st.stm32cube.ide.mcu.externaltools.gnu-tools-for-stm32.12.3.rel1.win32_1.0.100.202403111256/tools/bin/../lib/gcc/arm-none-eabi/12.3.1/../../../../arm-none-eabi/lib/thumb/v7-m/nofp\libc_nano.a(libc_a-strlen.o)
                0x0800014c                strlen
 *(.text*)
 .text._at_response_error_check
                0x0800015c       0x28 ./Core/Src/at.o
                0x0800015c                _at_response_error_check
 .text.find_substr
                0x08000184       0x28 ./Core/Src/at.o
                0x08000184                find_substr
 .text.flush_buff
                0x080001ac       0x28 ./Core/Src/at.o
                0x080001ac                flush_buff
 .text.at_read  0x080001d4       0x8c ./Core/Src/at.o
                0x080001d4                at_read
 .text.at_write
                0x08000260       0xec ./Core/Src/at.o
                0x08000260                at_write
 .text.at_execute
                0x0800034c       0xc0 ./Core/Src/at.o
                0x0800034c                at_execute
 .text.at_read_blocking
                0x0800040c       0x84 ./Core/Src/at.o
                0x0800040c                at_read_blocking
 .text.at_write_blocking
                0x08000490       0xf8 ./Core/Src/at.o
                0x08000490                at_write_blocking
 .text.at_execute_blocking
                0x08000588       0xb8 ./Core/Src/at.o
                0x08000588                at_execute_blocking
 .text.CRC16    0x08000640       0x6c ./Core/Src/crc16.o
                0x08000640                CRC16
 .text.MX_GPIO_Init
                0x080006ac       0x74 ./Core/Src/gpio.o
                0x080006ac                MX_GPIO_Init
 .text.MX_I2C1_Init
                0x08000720       0x5c ./Core/Src/i2c.o
                0x08000720                MX_I2C1_Init
 .text.HAL_I2C_MspInit
                0x0800077c       0x7c ./Core/Src/i2c.o
                0x0800077c                HAL_I2C_MspInit
 .text.HAL_RTC_AlarmAEventCallback
                0x080007f8       0x28 ./Core/Src/main.o
                0x080007f8                HAL_RTC_AlarmAEventCallback
 .text.HAL_GPIO_EXTI_Callback
                0x08000820       0x3c ./Core/Src/main.o
                0x08000820                HAL_GPIO_EXTI_Callback
 .text.HAL_UART_TxCpltCallback
                0x0800085c       0x34 ./Core/Src/main.o
                0x0800085c                HAL_UART_TxCpltCallback
 .text.HAL_UART_RxCpltCallback
                0x08000890       0x12 ./Core/Src/main.o
                0x08000890                HAL_UART_RxCpltCallback
 *fill*         0x080008a2        0x2 
 .text.HAL_UARTEx_RxEventCallback
                0x080008a4      0x118 ./Core/Src/main.o
                0x080008a4                HAL_UARTEx_RxEventCallback
 .text.main     0x080009bc       0xd4 ./Core/Src/main.o
                0x080009bc                main
 .text.SystemClock_Config
                0x08000a90       0xb6 ./Core/Src/main.o
                0x08000a90                SystemClock_Config
 *fill*         0x08000b46        0x2 
 .text.repeative_task
                0x08000b48       0x18 ./Core/Src/main.o
                0x08000b48                repeative_task
 .text.setup    0x08000b60      0x1c8 ./Core/Src/main.o
                0x08000b60                setup
 .text.Error_Handler
                0x08000d28        0xc ./Core/Src/main.o
                0x08000d28                Error_Handler
 .text.assert_failed
                0x08000d34       0x14 ./Core/Src/main.o
                0x08000d34                assert_failed
 .text.MODBUS_MASTER_init
                0x08000d48       0x2a ./Core/Src/modbus.o
                0x08000d48                MODBUS_MASTER_init
 .text.MODBUS_MASTER_request
                0x08000d72       0xc2 ./Core/Src/modbus.o
                0x08000d72                MODBUS_MASTER_request
 .text.MODBUS_MASTER_response_handler
                0x08000e34       0xd2 ./Core/Src/modbus.o
                0x08000e34                MODBUS_MASTER_response_handler
 .text.MODBUS_MASTER_read_coils
                0x08000f06       0x34 ./Core/Src/modbus.o
                0x08000f06                MODBUS_MASTER_read_coils
 *fill*         0x08000f3a        0x2 
 .text.mqtt_init
                0x08000f3c       0x50 ./Core/Src/mqtt.o
                0x08000f3c                mqtt_init
 .text.mqtt_connect
                0x08000f8c       0xcc ./Core/Src/mqtt.o
                0x08000f8c                mqtt_connect
 .text.mqtt_disconnect
                0x08001058       0x40 ./Core/Src/mqtt.o
                0x08001058                mqtt_disconnect
 .text.mqtt_publish_string
                0x08001098      0x154 ./Core/Src/mqtt.o
                0x08001098                mqtt_publish_string
 .text.oled_printl
                0x080011ec       0x84 ./Core/Src/oled.o
                0x080011ec                oled_printl
 .text.oled_init
                0x08001270       0x4c ./Core/Src/oled.o
                0x08001270                oled_init
 .text.MX_RTC_Init
                0x080012bc       0xb4 ./Core/Src/rtc.o
                0x080012bc                MX_RTC_Init
 .text.HAL_RTC_MspInit
                0x08001370       0x68 ./Core/Src/rtc.o
                0x08001370                HAL_RTC_MspInit
 .text.rtc_set_alarm_seconds_it
                0x080013d8       0x8c ./Core/Src/rtc_delay.o
                0x080013d8                rtc_set_alarm_seconds_it
 .text._sim_finish_operation
                0x08001464       0x14 ./Core/Src/sim.o
                0x08001464                _sim_finish_operation
 .text.sim_init
                0x08001478       0x36 ./Core/Src/sim.o
                0x08001478                sim_init
 *fill*         0x080014ae        0x2 
 .text.sim_event_poll_once
                0x080014b0       0x24 ./Core/Src/sim.o
                0x080014b0                sim_event_poll_once
 .text.sim_event_handler
                0x080014d4       0x60 ./Core/Src/sim.o
                0x080014d4                sim_event_handler
 .text.sim_test_at
                0x08001534       0x44 ./Core/Src/sim.o
                0x08001534                sim_test_at
 .text.sim_reboot
                0x08001578       0x64 ./Core/Src/sim.o
                0x08001578                sim_reboot
 .text.sim_report_error_enable
                0x080015dc       0x4c ./Core/Src/sim.o
                0x080015dc                sim_report_error_enable
 .text.sim_is_ready
                0x08001628       0xa0 ./Core/Src/sim.o
                0x08001628                sim_is_ready
 .text.sim_registered
                0x080016c8       0x5c ./Core/Src/sim.o
                0x080016c8                sim_registered
 .text.sim_gprs_registered
                0x08001724       0x5c ./Core/Src/sim.o
                0x08001724                sim_gprs_registered
 .text.sim_gprs_connect
                0x08001780       0x74 ./Core/Src/sim.o
                0x08001780                sim_gprs_connect
 .text.sim_gprs_disconnect
                0x080017f4       0x5c ./Core/Src/sim.o
                0x080017f4                sim_gprs_disconnect
 .text.ssd1306_WriteCommand
                0x08001850       0x2e ./Core/Src/ssd1306.o
 *fill*         0x0800187e        0x2 
 .text.ssd1306_Init
                0x08001880      0x240 ./Core/Src/ssd1306.o
                0x08001880                ssd1306_Init
 .text.ssd1306_Fill
                0x08001ac0       0x44 ./Core/Src/ssd1306.o
                0x08001ac0                ssd1306_Fill
 .text.ssd1306_UpdateScreen
                0x08001b04       0x64 ./Core/Src/ssd1306.o
                0x08001b04                ssd1306_UpdateScreen
 .text.ssd1306_DrawPixel
                0x08001b68       0xc0 ./Core/Src/ssd1306.o
                0x08001b68                ssd1306_DrawPixel
 .text.ssd1306_WriteChar
                0x08001c28      0x100 ./Core/Src/ssd1306.o
                0x08001c28                ssd1306_WriteChar
 .text.ssd1306_WriteString
                0x08001d28       0x4c ./Core/Src/ssd1306.o
                0x08001d28                ssd1306_WriteString
 .text.ssd1306_SetCursor
                0x08001d74       0x30 ./Core/Src/ssd1306.o
                0x08001d74                ssd1306_SetCursor
 .text.HAL_MspInit
                0x08001da4       0x64 ./Core/Src/stm32f1xx_hal_msp.o
                0x08001da4                HAL_MspInit
 .text.NMI_Handler
                0x08001e08        0x8 ./Core/Src/stm32f1xx_it.o
                0x08001e08                NMI_Handler
 .text.HardFault_Handler
                0x08001e10        0x8 ./Core/Src/stm32f1xx_it.o
                0x08001e10                HardFault_Handler
 .text.MemManage_Handler
                0x08001e18        0x8 ./Core/Src/stm32f1xx_it.o
                0x08001e18                MemManage_Handler
 .text.BusFault_Handler
                0x08001e20        0x8 ./Core/Src/stm32f1xx_it.o
                0x08001e20                BusFault_Handler
 .text.UsageFault_Handler
                0x08001e28        0x8 ./Core/Src/stm32f1xx_it.o
                0x08001e28                UsageFault_Handler
 .text.SVC_Handler
                0x08001e30        0xc ./Core/Src/stm32f1xx_it.o
                0x08001e30                SVC_Handler
 .text.DebugMon_Handler
                0x08001e3c        0xc ./Core/Src/stm32f1xx_it.o
                0x08001e3c                DebugMon_Handler
 .text.PendSV_Handler
                0x08001e48        0xc ./Core/Src/stm32f1xx_it.o
                0x08001e48                PendSV_Handler
 .text.SysTick_Handler
                0x08001e54        0xc ./Core/Src/stm32f1xx_it.o
                0x08001e54                SysTick_Handler
 .text.RTC_IRQHandler
                0x08001e60       0x14 ./Core/Src/stm32f1xx_it.o
                0x08001e60                RTC_IRQHandler
 .text.USART1_IRQHandler
                0x08001e74       0x14 ./Core/Src/stm32f1xx_it.o
                0x08001e74                USART1_IRQHandler
 .text.USART2_IRQHandler
                0x08001e88       0x14 ./Core/Src/stm32f1xx_it.o
                0x08001e88                USART2_IRQHandler
 .text.RTC_Alarm_IRQHandler
                0x08001e9c       0x14 ./Core/Src/stm32f1xx_it.o
                0x08001e9c                RTC_Alarm_IRQHandler
 .text.EXTI15_10_IRQHandler
                0x08001eb0       0x10 ./Core/Src/stm32f1xx_it.o
                0x08001eb0                EXTI15_10_IRQHandler
 .text._sbrk    0x08001ec0       0x6c ./Core/Src/sysmem.o
                0x08001ec0                _sbrk
 .text.SystemInit
                0x08001f2c        0xc ./Core/Src/system_stm32f1xx.o
                0x08001f2c                SystemInit
 .text.MX_USART1_UART_Init
                0x08001f38       0x54 ./Core/Src/usart.o
                0x08001f38                MX_USART1_UART_Init
 .text.MX_USART2_UART_Init
                0x08001f8c       0x54 ./Core/Src/usart.o
                0x08001f8c                MX_USART2_UART_Init
 .text.HAL_UART_MspInit
                0x08001fe0      0x128 ./Core/Src/usart.o
                0x08001fe0                HAL_UART_MspInit
 .text.Reset_Handler
                0x08002108       0x48 ./Core/Startup/startup_stm32f103c8tx.o
                0x08002108                Reset_Handler
 .text.Default_Handler
                0x08002150        0x2 ./Core/Startup/startup_stm32f103c8tx.o
                0x08002150                EXTI2_IRQHandler
                0x08002150                TIM1_CC_IRQHandler
                0x08002150                PVD_IRQHandler
                0x08002150                EXTI3_IRQHandler
                0x08002150                EXTI0_IRQHandler
                0x08002150                I2C2_EV_IRQHandler
                0x08002150                ADC1_2_IRQHandler
                0x08002150                SPI1_IRQHandler
                0x08002150                TAMPER_IRQHandler
                0x08002150                DMA1_Channel4_IRQHandler
                0x08002150                USART3_IRQHandler
                0x08002150                DMA1_Channel7_IRQHandler
                0x08002150                CAN1_RX1_IRQHandler
                0x08002150                TIM4_IRQHandler
                0x08002150                I2C1_EV_IRQHandler
                0x08002150                DMA1_Channel6_IRQHandler
                0x08002150                TIM3_IRQHandler
                0x08002150                RCC_IRQHandler
                0x08002150                TIM1_TRG_COM_IRQHandler
                0x08002150                DMA1_Channel1_IRQHandler
                0x08002150                Default_Handler
                0x08002150                EXTI9_5_IRQHandler
                0x08002150                SPI2_IRQHandler
                0x08002150                DMA1_Channel5_IRQHandler
                0x08002150                EXTI4_IRQHandler
                0x08002150                USB_LP_CAN1_RX0_IRQHandler
                0x08002150                USB_HP_CAN1_TX_IRQHandler
                0x08002150                DMA1_Channel3_IRQHandler
                0x08002150                TIM1_UP_IRQHandler
                0x08002150                WWDG_IRQHandler
                0x08002150                TIM2_IRQHandler
                0x08002150                TIM1_BRK_IRQHandler
                0x08002150                EXTI1_IRQHandler
                0x08002150                I2C2_ER_IRQHandler
                0x08002150                DMA1_Channel2_IRQHandler
                0x08002150                CAN1_SCE_IRQHandler
                0x08002150                FLASH_IRQHandler
                0x08002150                I2C1_ER_IRQHandler
                0x08002150                USBWakeUp_IRQHandler
 *fill*         0x08002152        0x2 
 .text.HAL_Init
                0x08002154       0x2c ./Drivers/STM32F1xx_HAL_Driver/Src/stm32f1xx_hal.o
                0x08002154                HAL_Init
 .text.HAL_InitTick
                0x08002180       0x60 ./Drivers/STM32F1xx_HAL_Driver/Src/stm32f1xx_hal.o
                0x08002180                HAL_InitTick
 .text.HAL_IncTick
                0x080021e0       0x24 ./Drivers/STM32F1xx_HAL_Driver/Src/stm32f1xx_hal.o
                0x080021e0                HAL_IncTick
 .text.HAL_GetTick
                0x08002204       0x14 ./Drivers/STM32F1xx_HAL_Driver/Src/stm32f1xx_hal.o
                0x08002204                HAL_GetTick
 .text.HAL_Delay
                0x08002218       0x48 ./Drivers/STM32F1xx_HAL_Driver/Src/stm32f1xx_hal.o
                0x08002218                HAL_Delay
 .text.__NVIC_SetPriorityGrouping
                0x08002260       0x48 ./Drivers/STM32F1xx_HAL_Driver/Src/stm32f1xx_hal_cortex.o
 .text.__NVIC_GetPriorityGrouping
                0x080022a8       0x1c ./Drivers/STM32F1xx_HAL_Driver/Src/stm32f1xx_hal_cortex.o
 .text.__NVIC_EnableIRQ
                0x080022c4       0x38 ./Drivers/STM32F1xx_HAL_Driver/Src/stm32f1xx_hal_cortex.o
 .text.__NVIC_SetPriority
                0x080022fc       0x54 ./Drivers/STM32F1xx_HAL_Driver/Src/stm32f1xx_hal_cortex.o
 .text.NVIC_EncodePriority
                0x08002350       0x64 ./Drivers/STM32F1xx_HAL_Driver/Src/stm32f1xx_hal_cortex.o
 .text.SysTick_Config
                0x080023b4       0x44 ./Drivers/STM32F1xx_HAL_Driver/Src/stm32f1xx_hal_cortex.o
 .text.HAL_NVIC_SetPriorityGrouping
                0x080023f8       0x40 ./Drivers/STM32F1xx_HAL_Driver/Src/stm32f1xx_hal_cortex.o
                0x080023f8                HAL_NVIC_SetPriorityGrouping
 .text.HAL_NVIC_SetPriority
                0x08002438       0x58 ./Drivers/STM32F1xx_HAL_Driver/Src/stm32f1xx_hal_cortex.o
                0x08002438                HAL_NVIC_SetPriority
 .text.HAL_NVIC_EnableIRQ
                0x08002490       0x30 ./Drivers/STM32F1xx_HAL_Driver/Src/stm32f1xx_hal_cortex.o
                0x08002490                HAL_NVIC_EnableIRQ
 .text.HAL_SYSTICK_Config
                0x080024c0       0x18 ./Drivers/STM32F1xx_HAL_Driver/Src/stm32f1xx_hal_cortex.o
                0x080024c0                HAL_SYSTICK_Config
 .text.HAL_DMA_Abort
                0x080024d8       0x76 ./Drivers/STM32F1xx_HAL_Driver/Src/stm32f1xx_hal_dma.o
                0x080024d8                HAL_DMA_Abort
 *fill*         0x0800254e        0x2 
 .text.HAL_DMA_Abort_IT
                0x08002550       0xf0 ./Drivers/STM32F1xx_HAL_Driver/Src/stm32f1xx_hal_dma.o
                0x08002550                HAL_DMA_Abort_IT
 .text.HAL_GPIO_Init
                0x08002640      0x4dc ./Drivers/STM32F1xx_HAL_Driver/Src/stm32f1xx_hal_gpio.o
                0x08002640                HAL_GPIO_Init
 .text.HAL_GPIO_TogglePin
                0x08002b1c       0x44 ./Drivers/STM32F1xx_HAL_Driver/Src/stm32f1xx_hal_gpio.o
                0x08002b1c                HAL_GPIO_TogglePin
 .text.HAL_GPIO_EXTI_IRQHandler
                0x08002b60       0x30 ./Drivers/STM32F1xx_HAL_Driver/Src/stm32f1xx_hal_gpio.o
                0x08002b60                HAL_GPIO_EXTI_IRQHandler
 .text.HAL_I2C_Init
                0x08002b90      0x384 ./Drivers/STM32F1xx_HAL_Driver/Src/stm32f1xx_hal_i2c.o
                0x08002b90                HAL_I2C_Init
 .text.HAL_I2C_Mem_Write
                0x08002f14      0x20c ./Drivers/STM32F1xx_HAL_Driver/Src/stm32f1xx_hal_i2c.o
                0x08002f14                HAL_I2C_Mem_Write
 .text.I2C_RequestMemoryWrite
                0x08003120      0x12c ./Drivers/STM32F1xx_HAL_Driver/Src/stm32f1xx_hal_i2c.o
 .text.I2C_WaitOnFlagUntilTimeout
                0x0800324c       0xf4 ./Drivers/STM32F1xx_HAL_Driver/Src/stm32f1xx_hal_i2c.o
 .text.I2C_WaitOnMasterAddressFlagUntilTimeout
                0x08003340      0x140 ./Drivers/STM32F1xx_HAL_Driver/Src/stm32f1xx_hal_i2c.o
 .text.I2C_WaitOnTXEFlagUntilTimeout
                0x08003480       0x90 ./Drivers/STM32F1xx_HAL_Driver/Src/stm32f1xx_hal_i2c.o
 .text.I2C_WaitOnBTFFlagUntilTimeout
                0x08003510       0x90 ./Drivers/STM32F1xx_HAL_Driver/Src/stm32f1xx_hal_i2c.o
 .text.I2C_IsAcknowledgeFailed
                0x080035a0       0x5c ./Drivers/STM32F1xx_HAL_Driver/Src/stm32f1xx_hal_i2c.o
 .text.HAL_PWR_EnableBkUpAccess
                0x080035fc       0x18 ./Drivers/STM32F1xx_HAL_Driver/Src/stm32f1xx_hal_pwr.o
                0x080035fc                HAL_PWR_EnableBkUpAccess
 .text.HAL_RCC_OscConfig
                0x08003614      0x6dc ./Drivers/STM32F1xx_HAL_Driver/Src/stm32f1xx_hal_rcc.o
                0x08003614                HAL_RCC_OscConfig
 .text.HAL_RCC_ClockConfig
                0x08003cf0      0x320 ./Drivers/STM32F1xx_HAL_Driver/Src/stm32f1xx_hal_rcc.o
                0x08003cf0                HAL_RCC_ClockConfig
 .text.HAL_RCC_GetSysClockFreq
                0x08004010       0xa8 ./Drivers/STM32F1xx_HAL_Driver/Src/stm32f1xx_hal_rcc.o
                0x08004010                HAL_RCC_GetSysClockFreq
 .text.HAL_RCC_GetHCLKFreq
                0x080040b8       0x14 ./Drivers/STM32F1xx_HAL_Driver/Src/stm32f1xx_hal_rcc.o
                0x080040b8                HAL_RCC_GetHCLKFreq
 .text.HAL_RCC_GetPCLK1Freq
                0x080040cc       0x28 ./Drivers/STM32F1xx_HAL_Driver/Src/stm32f1xx_hal_rcc.o
                0x080040cc                HAL_RCC_GetPCLK1Freq
 .text.HAL_RCC_GetPCLK2Freq
                0x080040f4       0x28 ./Drivers/STM32F1xx_HAL_Driver/Src/stm32f1xx_hal_rcc.o
                0x080040f4                HAL_RCC_GetPCLK2Freq
 .text.RCC_Delay
                0x0800411c       0x3c ./Drivers/STM32F1xx_HAL_Driver/Src/stm32f1xx_hal_rcc.o
 .text.HAL_RCCEx_PeriphCLKConfig
                0x08004158      0x214 ./Drivers/STM32F1xx_HAL_Driver/Src/stm32f1xx_hal_rcc_ex.o
                0x08004158                HAL_RCCEx_PeriphCLKConfig
 .text.HAL_RCCEx_GetPeriphCLKFreq
                0x0800436c      0x198 ./Drivers/STM32F1xx_HAL_Driver/Src/stm32f1xx_hal_rcc_ex.o
                0x0800436c                HAL_RCCEx_GetPeriphCLKFreq
 .text.HAL_RTC_Init
                0x08004504      0x180 ./Drivers/STM32F1xx_HAL_Driver/Src/stm32f1xx_hal_rtc.o
                0x08004504                HAL_RTC_Init
 .text.HAL_RTC_SetTime
                0x08004684      0x1cc ./Drivers/STM32F1xx_HAL_Driver/Src/stm32f1xx_hal_rtc.o
                0x08004684                HAL_RTC_SetTime
 .text.HAL_RTC_GetTime
                0x08004850      0x1cc ./Drivers/STM32F1xx_HAL_Driver/Src/stm32f1xx_hal_rtc.o
                0x08004850                HAL_RTC_GetTime
 .text.HAL_RTC_SetDate
                0x08004a1c      0x23c ./Drivers/STM32F1xx_HAL_Driver/Src/stm32f1xx_hal_rtc.o
                0x08004a1c                HAL_RTC_SetDate
 .text.HAL_RTC_SetAlarm_IT
                0x08004c58      0x220 ./Drivers/STM32F1xx_HAL_Driver/Src/stm32f1xx_hal_rtc.o
                0x08004c58                HAL_RTC_SetAlarm_IT
 .text.HAL_RTC_AlarmIRQHandler
                0x08004e78       0x54 ./Drivers/STM32F1xx_HAL_Driver/Src/stm32f1xx_hal_rtc.o
                0x08004e78                HAL_RTC_AlarmIRQHandler
 .text.HAL_RTC_WaitForSynchro
                0x08004ecc       0x5a ./Drivers/STM32F1xx_HAL_Driver/Src/stm32f1xx_hal_rtc.o
                0x08004ecc                HAL_RTC_WaitForSynchro
 .text.RTC_ReadTimeCounter
                0x08004f26       0x60 ./Drivers/STM32F1xx_HAL_Driver/Src/stm32f1xx_hal_rtc.o
 .text.RTC_WriteTimeCounter
                0x08004f86       0x4e ./Drivers/STM32F1xx_HAL_Driver/Src/stm32f1xx_hal_rtc.o
 .text.RTC_ReadAlarmCounter
                0x08004fd4       0x32 ./Drivers/STM32F1xx_HAL_Driver/Src/stm32f1xx_hal_rtc.o
 .text.RTC_WriteAlarmCounter
                0x08005006       0x4e ./Drivers/STM32F1xx_HAL_Driver/Src/stm32f1xx_hal_rtc.o
 .text.RTC_EnterInitMode
                0x08005054       0x50 ./Drivers/STM32F1xx_HAL_Driver/Src/stm32f1xx_hal_rtc.o
 .text.RTC_ExitInitMode
                0x080050a4       0x50 ./Drivers/STM32F1xx_HAL_Driver/Src/stm32f1xx_hal_rtc.o
 .text.RTC_ByteToBcd2
                0x080050f4       0x3a ./Drivers/STM32F1xx_HAL_Driver/Src/stm32f1xx_hal_rtc.o
 .text.RTC_Bcd2ToByte
                0x0800512e       0x3a ./Drivers/STM32F1xx_HAL_Driver/Src/stm32f1xx_hal_rtc.o
 .text.RTC_DateUpdate
                0x08005168      0x152 ./Drivers/STM32F1xx_HAL_Driver/Src/stm32f1xx_hal_rtc.o
 *fill*         0x080052ba        0x2 
 .text.RTC_IsLeapYear
                0x080052bc       0x64 ./Drivers/STM32F1xx_HAL_Driver/Src/stm32f1xx_hal_rtc.o
 .text.RTC_WeekDayNum
                0x08005320       0xf0 ./Drivers/STM32F1xx_HAL_Driver/Src/stm32f1xx_hal_rtc.o
 .text.HAL_RTCEx_RTCIRQHandler
                0x08005410       0x6e ./Drivers/STM32F1xx_HAL_Driver/Src/stm32f1xx_hal_rtc_ex.o
                0x08005410                HAL_RTCEx_RTCIRQHandler
 .text.HAL_RTCEx_RTCEventCallback
                0x0800547e       0x12 ./Drivers/STM32F1xx_HAL_Driver/Src/stm32f1xx_hal_rtc_ex.o
                0x0800547e                HAL_RTCEx_RTCEventCallback
 .text.HAL_RTCEx_RTCEventErrorCallback
                0x08005490       0x12 ./Drivers/STM32F1xx_HAL_Driver/Src/stm32f1xx_hal_rtc_ex.o
                0x08005490                HAL_RTCEx_RTCEventErrorCallback
 *fill*         0x080054a2        0x2 
 .text.HAL_UART_Init
                0x080054a4      0x158 ./Drivers/STM32F1xx_HAL_Driver/Src/stm32f1xx_hal_uart.o
                0x080054a4                HAL_UART_Init
 .text.HAL_UART_Transmit
                0x080055fc      0x106 ./Drivers/STM32F1xx_HAL_Driver/Src/stm32f1xx_hal_uart.o
                0x080055fc                HAL_UART_Transmit
 .text.HAL_UART_Receive
                0x08005702      0x124 ./Drivers/STM32F1xx_HAL_Driver/Src/stm32f1xx_hal_uart.o
                0x08005702                HAL_UART_Receive
 .text.HAL_UART_Transmit_IT
                0x08005826       0x6a ./Drivers/STM32F1xx_HAL_Driver/Src/stm32f1xx_hal_uart.o
                0x08005826                HAL_UART_Transmit_IT
 .text.HAL_UARTEx_ReceiveToIdle
                0x08005890      0x1a8 ./Drivers/STM32F1xx_HAL_Driver/Src/stm32f1xx_hal_uart.o
                0x08005890                HAL_UARTEx_ReceiveToIdle
 .text.HAL_UARTEx_ReceiveToIdle_IT
                0x08005a38       0xba ./Drivers/STM32F1xx_HAL_Driver/Src/stm32f1xx_hal_uart.o
                0x08005a38                HAL_UARTEx_ReceiveToIdle_IT
 *fill*         0x08005af2        0x2 
 .text.HAL_UART_IRQHandler
                0x08005af4      0x524 ./Drivers/STM32F1xx_HAL_Driver/Src/stm32f1xx_hal_uart.o
                0x08005af4                HAL_UART_IRQHandler
 .text.HAL_UART_ErrorCallback
                0x08006018       0x12 ./Drivers/STM32F1xx_HAL_Driver/Src/stm32f1xx_hal_uart.o
                0x08006018                HAL_UART_ErrorCallback
 .text.UART_WaitOnFlagUntilTimeout
                0x0800602a       0xdc ./Drivers/STM32F1xx_HAL_Driver/Src/stm32f1xx_hal_uart.o
 .text.UART_Start_Receive_IT
                0x08006106       0x72 ./Drivers/STM32F1xx_HAL_Driver/Src/stm32f1xx_hal_uart.o
                0x08006106                UART_Start_Receive_IT
 .text.UART_EndRxTransfer
                0x08006178       0xc4 ./Drivers/STM32F1xx_HAL_Driver/Src/stm32f1xx_hal_uart.o
 .text.UART_DMAAbortOnError
                0x0800623c       0x28 ./Drivers/STM32F1xx_HAL_Driver/Src/stm32f1xx_hal_uart.o
 .text.UART_Transmit_IT
                0x08006264       0x9e ./Drivers/STM32F1xx_HAL_Driver/Src/stm32f1xx_hal_uart.o
 .text.UART_EndTransmit_IT
                0x08006302       0x30 ./Drivers/STM32F1xx_HAL_Driver/Src/stm32f1xx_hal_uart.o
 .text.UART_Receive_IT
                0x08006332      0x17c ./Drivers/STM32F1xx_HAL_Driver/Src/stm32f1xx_hal_uart.o
 *fill*         0x080064ae        0x2 
 .text.UART_SetConfig
                0x080064b0      0x19c ./Drivers/STM32F1xx_HAL_Driver/Src/stm32f1xx_hal_uart.o
 .text.sprintf  0x0800664c       0x40 C:/ST/STM32CubeIDE_1.15.0/STM32CubeIDE/plugins/com.st.stm32cube.ide.mcu.externaltools.gnu-tools-for-stm32.12.3.rel1.win32_1.0.100.202403111256/tools/bin/../lib/gcc/arm-none-eabi/12.3.1/../../../../arm-none-eabi/lib/thumb/v7-m/nofp\libc_nano.a(libc_a-sprintf.o)
                0x0800664c                siprintf
                0x0800664c                sprintf
 .text.memset   0x0800668c       0x10 C:/ST/STM32CubeIDE_1.15.0/STM32CubeIDE/plugins/com.st.stm32cube.ide.mcu.externaltools.gnu-tools-for-stm32.12.3.rel1.win32_1.0.100.202403111256/tools/bin/../lib/gcc/arm-none-eabi/12.3.1/../../../../arm-none-eabi/lib/thumb/v7-m/nofp\libc_nano.a(libc_a-memset.o)
                0x0800668c                memset
 .text.strcat   0x0800669c       0x1e C:/ST/STM32CubeIDE_1.15.0/STM32CubeIDE/plugins/com.st.stm32cube.ide.mcu.externaltools.gnu-tools-for-stm32.12.3.rel1.win32_1.0.100.202403111256/tools/bin/../lib/gcc/arm-none-eabi/12.3.1/../../../../arm-none-eabi/lib/thumb/v7-m/nofp\libc_nano.a(libc_a-strcat.o)
                0x0800669c                strcat
 .text.strstr   0x080066ba       0x2c C:/ST/STM32CubeIDE_1.15.0/STM32CubeIDE/plugins/com.st.stm32cube.ide.mcu.externaltools.gnu-tools-for-stm32.12.3.rel1.win32_1.0.100.202403111256/tools/bin/../lib/gcc/arm-none-eabi/12.3.1/../../../../arm-none-eabi/lib/thumb/v7-m/nofp\libc_nano.a(libc_a-strstr.o)
                0x080066ba                strstr
 *fill*         0x080066e6        0x2 
 .text.__errno  0x080066e8        0xc C:/ST/STM32CubeIDE_1.15.0/STM32CubeIDE/plugins/com.st.stm32cube.ide.mcu.externaltools.gnu-tools-for-stm32.12.3.rel1.win32_1.0.100.202403111256/tools/bin/../lib/gcc/arm-none-eabi/12.3.1/../../../../arm-none-eabi/lib/thumb/v7-m/nofp\libc_nano.a(libc_a-errno.o)
                0x080066e8                __errno
 .text.__libc_init_array
                0x080066f4       0x48 C:/ST/STM32CubeIDE_1.15.0/STM32CubeIDE/plugins/com.st.stm32cube.ide.mcu.externaltools.gnu-tools-for-stm32.12.3.rel1.win32_1.0.100.202403111256/tools/bin/../lib/gcc/arm-none-eabi/12.3.1/../../../../arm-none-eabi/lib/thumb/v7-m/nofp\libc_nano.a(libc_a-init.o)
                0x080066f4                __libc_init_array
 .text.__retarget_lock_acquire_recursive
                0x0800673c        0x2 C:/ST/STM32CubeIDE_1.15.0/STM32CubeIDE/plugins/com.st.stm32cube.ide.mcu.externaltools.gnu-tools-for-stm32.12.3.rel1.win32_1.0.100.202403111256/tools/bin/../lib/gcc/arm-none-eabi/12.3.1/../../../../arm-none-eabi/lib/thumb/v7-m/nofp\libc_nano.a(libc_a-lock.o)
                0x0800673c                __retarget_lock_acquire_recursive
 .text.__retarget_lock_release_recursive
                0x0800673e        0x2 C:/ST/STM32CubeIDE_1.15.0/STM32CubeIDE/plugins/com.st.stm32cube.ide.mcu.externaltools.gnu-tools-for-stm32.12.3.rel1.win32_1.0.100.202403111256/tools/bin/../lib/gcc/arm-none-eabi/12.3.1/../../../../arm-none-eabi/lib/thumb/v7-m/nofp\libc_nano.a(libc_a-lock.o)
                0x0800673e                __retarget_lock_release_recursive
 .text._free_r  0x08006740       0x90 C:/ST/STM32CubeIDE_1.15.0/STM32CubeIDE/plugins/com.st.stm32cube.ide.mcu.externaltools.gnu-tools-for-stm32.12.3.rel1.win32_1.0.100.202403111256/tools/bin/../lib/gcc/arm-none-eabi/12.3.1/../../../../arm-none-eabi/lib/thumb/v7-m/nofp\libc_nano.a(libc_a-freer.o)
                0x08006740                _free_r
 .text.sbrk_aligned
                0x080067d0       0x44 C:/ST/STM32CubeIDE_1.15.0/STM32CubeIDE/plugins/com.st.stm32cube.ide.mcu.externaltools.gnu-tools-for-stm32.12.3.rel1.win32_1.0.100.202403111256/tools/bin/../lib/gcc/arm-none-eabi/12.3.1/../../../../arm-none-eabi/lib/thumb/v7-m/nofp\libc_nano.a(libc_a-mallocr.o)
 .text._malloc_r
                0x08006814      0x100 C:/ST/STM32CubeIDE_1.15.0/STM32CubeIDE/plugins/com.st.stm32cube.ide.mcu.externaltools.gnu-tools-for-stm32.12.3.rel1.win32_1.0.100.202403111256/tools/bin/../lib/gcc/arm-none-eabi/12.3.1/../../../../arm-none-eabi/lib/thumb/v7-m/nofp\libc_nano.a(libc_a-mallocr.o)
                0x08006814                _malloc_r
 .text.__malloc_lock
                0x08006914        0xc C:/ST/STM32CubeIDE_1.15.0/STM32CubeIDE/plugins/com.st.stm32cube.ide.mcu.externaltools.gnu-tools-for-stm32.12.3.rel1.win32_1.0.100.202403111256/tools/bin/../lib/gcc/arm-none-eabi/12.3.1/../../../../arm-none-eabi/lib/thumb/v7-m/nofp\libc_nano.a(libc_a-mlock.o)
                0x08006914                __malloc_lock
 .text.__malloc_unlock
                0x08006920        0xc C:/ST/STM32CubeIDE_1.15.0/STM32CubeIDE/plugins/com.st.stm32cube.ide.mcu.externaltools.gnu-tools-for-stm32.12.3.rel1.win32_1.0.100.202403111256/tools/bin/../lib/gcc/arm-none-eabi/12.3.1/../../../../arm-none-eabi/lib/thumb/v7-m/nofp\libc_nano.a(libc_a-mlock.o)
                0x08006920                __malloc_unlock
 .text.__ssputs_r
                0x0800692c       0xb6 C:/ST/STM32CubeIDE_1.15.0/STM32CubeIDE/plugins/com.st.stm32cube.ide.mcu.externaltools.gnu-tools-for-stm32.12.3.rel1.win32_1.0.100.202403111256/tools/bin/../lib/gcc/arm-none-eabi/12.3.1/../../../../arm-none-eabi/lib/thumb/v7-m/nofp\libc_nano.a(libc_a-nano-svfprintf.o)
                0x0800692c                __ssputs_r
 *fill*         0x080069e2        0x2 
 .text._svfprintf_r
                0x080069e4      0x1f8 C:/ST/STM32CubeIDE_1.15.0/STM32CubeIDE/plugins/com.st.stm32cube.ide.mcu.externaltools.gnu-tools-for-stm32.12.3.rel1.win32_1.0.100.202403111256/tools/bin/../lib/gcc/arm-none-eabi/12.3.1/../../../../arm-none-eabi/lib/thumb/v7-m/nofp\libc_nano.a(libc_a-nano-svfprintf.o)
                0x080069e4                _svfiprintf_r
                0x080069e4                _svfprintf_r
 .text._printf_common
                0x08006bdc       0xe4 C:/ST/STM32CubeIDE_1.15.0/STM32CubeIDE/plugins/com.st.stm32cube.ide.mcu.externaltools.gnu-tools-for-stm32.12.3.rel1.win32_1.0.100.202403111256/tools/bin/../lib/gcc/arm-none-eabi/12.3.1/../../../../arm-none-eabi/lib/thumb/v7-m/nofp\libc_nano.a(libc_a-nano-vfprintf_i.o)
                0x08006bdc                _printf_common
 .text._printf_i
                0x08006cc0      0x240 C:/ST/STM32CubeIDE_1.15.0/STM32CubeIDE/plugins/com.st.stm32cube.ide.mcu.externaltools.gnu-tools-for-stm32.12.3.rel1.win32_1.0.100.202403111256/tools/bin/../lib/gcc/arm-none-eabi/12.3.1/../../../../arm-none-eabi/lib/thumb/v7-m/nofp\libc_nano.a(libc_a-nano-vfprintf_i.o)
                0x08006cc0                _printf_i
 .text.memmove  0x08006f00       0x34 C:/ST/STM32CubeIDE_1.15.0/STM32CubeIDE/plugins/com.st.stm32cube.ide.mcu.externaltools.gnu-tools-for-stm32.12.3.rel1.win32_1.0.100.202403111256/tools/bin/../lib/gcc/arm-none-eabi/12.3.1/../../../../arm-none-eabi/lib/thumb/v7-m/nofp\libc_nano.a(libc_a-memmove.o)
                0x08006f00                memmove
 .text._sbrk_r  0x08006f34       0x20 C:/ST/STM32CubeIDE_1.15.0/STM32CubeIDE/plugins/com.st.stm32cube.ide.mcu.externaltools.gnu-tools-for-stm32.12.3.rel1.win32_1.0.100.202403111256/tools/bin/../lib/gcc/arm-none-eabi/12.3.1/../../../../arm-none-eabi/lib/thumb/v7-m/nofp\libc_nano.a(libc_a-sbrkr.o)
                0x08006f34                _sbrk_r
 .text.memchr   0x08006f54       0x1c C:/ST/STM32CubeIDE_1.15.0/STM32CubeIDE/plugins/com.st.stm32cube.ide.mcu.externaltools.gnu-tools-for-stm32.12.3.rel1.win32_1.0.100.202403111256/tools/bin/../lib/gcc/arm-none-eabi/12.3.1/../../../../arm-none-eabi/lib/thumb/v7-m/nofp\libc_nano.a(libc_a-memchr-stub.o)
                0x08006f54                memchr
 .text.memcpy   0x08006f70       0x1c C:/ST/STM32CubeIDE_1.15.0/STM32CubeIDE/plugins/com.st.stm32cube.ide.mcu.externaltools.gnu-tools-for-stm32.12.3.rel1.win32_1.0.100.202403111256/tools/bin/../lib/gcc/arm-none-eabi/12.3.1/../../../../arm-none-eabi/lib/thumb/v7-m/nofp\libc_nano.a(libc_a-memcpy-stub.o)
                0x08006f70                memcpy
 .text._realloc_r
                0x08006f8c       0x5c C:/ST/STM32CubeIDE_1.15.0/STM32CubeIDE/plugins/com.st.stm32cube.ide.mcu.externaltools.gnu-tools-for-stm32.12.3.rel1.win32_1.0.100.202403111256/tools/bin/../lib/gcc/arm-none-eabi/12.3.1/../../../../arm-none-eabi/lib/thumb/v7-m/nofp\libc_nano.a(libc_a-reallocr.o)
                0x08006f8c                _realloc_r
 .text._malloc_usable_size_r
                0x08006fe8       0x10 C:/ST/STM32CubeIDE_1.15.0/STM32CubeIDE/plugins/com.st.stm32cube.ide.mcu.externaltools.gnu-tools-for-stm32.12.3.rel1.win32_1.0.100.202403111256/tools/bin/../lib/gcc/arm-none-eabi/12.3.1/../../../../arm-none-eabi/lib/thumb/v7-m/nofp\libc_nano.a(libc_a-msizer.o)
                0x08006fe8                _malloc_usable_size_r
 *(.glue_7)
 .glue_7        0x08006ff8        0x0 linker stubs
 *(.glue_7t)
 .glue_7t       0x08006ff8        0x0 linker stubs
 *(.eh_frame)
 .eh_frame      0x08006ff8        0x0 C:/ST/STM32CubeIDE_1.15.0/STM32CubeIDE/plugins/com.st.stm32cube.ide.mcu.externaltools.gnu-tools-for-stm32.12.3.rel1.win32_1.0.100.202403111256/tools/bin/../lib/gcc/arm-none-eabi/12.3.1/thumb/v7-m/nofp/crtbegin.o
 *(.init)
 .init          0x08006ff8        0x4 C:/ST/STM32CubeIDE_1.15.0/STM32CubeIDE/plugins/com.st.stm32cube.ide.mcu.externaltools.gnu-tools-for-stm32.12.3.rel1.win32_1.0.100.202403111256/tools/bin/../lib/gcc/arm-none-eabi/12.3.1/thumb/v7-m/nofp/crti.o
                0x08006ff8                _init
 .init          0x08006ffc        0x8 C:/ST/STM32CubeIDE_1.15.0/STM32CubeIDE/plugins/com.st.stm32cube.ide.mcu.externaltools.gnu-tools-for-stm32.12.3.rel1.win32_1.0.100.202403111256/tools/bin/../lib/gcc/arm-none-eabi/12.3.1/thumb/v7-m/nofp/crtn.o
 *(.fini)
 .fini          0x08007004        0x4 C:/ST/STM32CubeIDE_1.15.0/STM32CubeIDE/plugins/com.st.stm32cube.ide.mcu.externaltools.gnu-tools-for-stm32.12.3.rel1.win32_1.0.100.202403111256/tools/bin/../lib/gcc/arm-none-eabi/12.3.1/thumb/v7-m/nofp/crti.o
                0x08007004                _fini
 .fini          0x08007008        0x8 C:/ST/STM32CubeIDE_1.15.0/STM32CubeIDE/plugins/com.st.stm32cube.ide.mcu.externaltools.gnu-tools-for-stm32.12.3.rel1.win32_1.0.100.202403111256/tools/bin/../lib/gcc/arm-none-eabi/12.3.1/thumb/v7-m/nofp/crtn.o
                0x08007010                        . = ALIGN (0x4)
                0x08007010                        _etext = .

.vfp11_veneer   0x08007010        0x0
 .vfp11_veneer  0x08007010        0x0 linker stubs

.v4_bx          0x08007010        0x0
 .v4_bx         0x08007010        0x0 linker stubs

.iplt           0x08007010        0x0
 .iplt          0x08007010        0x0 C:/ST/STM32CubeIDE_1.15.0/STM32CubeIDE/plugins/com.st.stm32cube.ide.mcu.externaltools.gnu-tools-for-stm32.12.3.rel1.win32_1.0.100.202403111256/tools/bin/../lib/gcc/arm-none-eabi/12.3.1/thumb/v7-m/nofp/crtbegin.o

.rodata         0x08007010      0xccc
                0x08007010                        . = ALIGN (0x4)
 *(.rodata)
 .rodata        0x08007010       0x1e ./Core/Src/at.o
 *fill*         0x0800702e        0x2 
 .rodata        0x08007030      0x1d7 ./Core/Src/main.o
 *fill*         0x08007207        0x1 
 .rodata        0x08007208       0x72 ./Core/Src/mqtt.o
 *fill*         0x0800727a        0x2 
 .rodata        0x0800727c        0xb ./Core/Src/oled.o
 *fill*         0x08007287        0x1 
 .rodata        0x08007288       0xd9 ./Core/Src/sim.o
 *fill*         0x08007361        0x3 
 .rodata        0x08007364       0x3b ./Drivers/STM32F1xx_HAL_Driver/Src/stm32f1xx_hal_cortex.o
 *fill*         0x0800739f        0x1 
 .rodata        0x080073a0       0x39 ./Drivers/STM32F1xx_HAL_Driver/Src/stm32f1xx_hal_gpio.o
 *fill*         0x080073d9        0x3 
 .rodata        0x080073dc       0x38 ./Drivers/STM32F1xx_HAL_Driver/Src/stm32f1xx_hal_i2c.o
 .rodata        0x08007414       0x38 ./Drivers/STM32F1xx_HAL_Driver/Src/stm32f1xx_hal_rcc.o
 .rodata        0x0800744c       0x3b ./Drivers/STM32F1xx_HAL_Driver/Src/stm32f1xx_hal_rcc_ex.o
 *fill*         0x08007487        0x1 
 .rodata        0x08007488       0x38 ./Drivers/STM32F1xx_HAL_Driver/Src/stm32f1xx_hal_rtc.o
 .rodata        0x080074c0       0x39 ./Drivers/STM32F1xx_HAL_Driver/Src/stm32f1xx_hal_uart.o
 *(.rodata*)
 *fill*         0x080074f9        0x3 
 .rodata.Font7x10
                0x080074fc      0x76c ./Core/Src/fonts.o
 .rodata.AHBPrescTable
                0x08007c68       0x10 ./Core/Src/system_stm32f1xx.o
                0x08007c68                AHBPrescTable
 .rodata.APBPrescTable
                0x08007c78        0x8 ./Core/Src/system_stm32f1xx.o
                0x08007c78                APBPrescTable
 .rodata.aPLLMULFactorTable.1
                0x08007c80       0x10 ./Drivers/STM32F1xx_HAL_Driver/Src/stm32f1xx_hal_rcc.o
 .rodata.aPredivFactorTable.0
                0x08007c90        0x2 ./Drivers/STM32F1xx_HAL_Driver/Src/stm32f1xx_hal_rcc.o
 *fill*         0x08007c92        0x2 
 .rodata.aPLLMULFactorTable.1
                0x08007c94       0x10 ./Drivers/STM32F1xx_HAL_Driver/Src/stm32f1xx_hal_rcc_ex.o
 .rodata.aPredivFactorTable.0
                0x08007ca4        0x2 ./Drivers/STM32F1xx_HAL_Driver/Src/stm32f1xx_hal_rcc_ex.o
 .rodata._svfprintf_r.str1.1
                0x08007ca6       0x11 C:/ST/STM32CubeIDE_1.15.0/STM32CubeIDE/plugins/com.st.stm32cube.ide.mcu.externaltools.gnu-tools-for-stm32.12.3.rel1.win32_1.0.100.202403111256/tools/bin/../lib/gcc/arm-none-eabi/12.3.1/../../../../arm-none-eabi/lib/thumb/v7-m/nofp\libc_nano.a(libc_a-nano-svfprintf.o)
 .rodata._printf_i.str1.1
                0x08007cb7       0x22 C:/ST/STM32CubeIDE_1.15.0/STM32CubeIDE/plugins/com.st.stm32cube.ide.mcu.externaltools.gnu-tools-for-stm32.12.3.rel1.win32_1.0.100.202403111256/tools/bin/../lib/gcc/arm-none-eabi/12.3.1/../../../../arm-none-eabi/lib/thumb/v7-m/nofp\libc_nano.a(libc_a-nano-vfprintf_i.o)
                0x08007cdc                        . = ALIGN (0x4)
 *fill*         0x08007cd9        0x3 

.ARM.extab      0x08007cdc        0x0
                0x08007cdc                        . = ALIGN (0x4)
 *(.ARM.extab* .gnu.linkonce.armextab.*)
                0x08007cdc                        . = ALIGN (0x4)

.ARM            0x08007cdc        0x8
                0x08007cdc                        . = ALIGN (0x4)
                0x08007cdc                        __exidx_start = .
 *(.ARM.exidx*)
 .ARM.exidx     0x08007cdc        0x8 C:/ST/STM32CubeIDE_1.15.0/STM32CubeIDE/plugins/com.st.stm32cube.ide.mcu.externaltools.gnu-tools-for-stm32.12.3.rel1.win32_1.0.100.202403111256/tools/bin/../lib/gcc/arm-none-eabi/12.3.1/../../../../arm-none-eabi/lib/thumb/v7-m/nofp\libc_nano.a(libc_a-strlen.o)
                0x08007ce4                        __exidx_end = .
                0x08007ce4                        . = ALIGN (0x4)

.preinit_array  0x08007ce4        0x0
                0x08007ce4                        . = ALIGN (0x4)
                0x08007ce4                        PROVIDE (__preinit_array_start = .)
 *(.preinit_array*)
                0x08007ce4                        PROVIDE (__preinit_array_end = .)
                0x08007ce4                        . = ALIGN (0x4)

.init_array     0x08007ce4        0x4
                0x08007ce4                        . = ALIGN (0x4)
                0x08007ce4                        PROVIDE (__init_array_start = .)
 *(SORT_BY_NAME(.init_array.*))
 *(.init_array*)
 .init_array    0x08007ce4        0x4 C:/ST/STM32CubeIDE_1.15.0/STM32CubeIDE/plugins/com.st.stm32cube.ide.mcu.externaltools.gnu-tools-for-stm32.12.3.rel1.win32_1.0.100.202403111256/tools/bin/../lib/gcc/arm-none-eabi/12.3.1/thumb/v7-m/nofp/crtbegin.o
                0x08007ce8                        PROVIDE (__init_array_end = .)
                0x08007ce8                        . = ALIGN (0x4)

.fini_array     0x08007ce8        0x4
                0x08007ce8                        . = ALIGN (0x4)
                [!provide]                        PROVIDE (__fini_array_start = .)
 *(SORT_BY_NAME(.fini_array.*))
 *(.fini_array*)
 .fini_array    0x08007ce8        0x4 C:/ST/STM32CubeIDE_1.15.0/STM32CubeIDE/plugins/com.st.stm32cube.ide.mcu.externaltools.gnu-tools-for-stm32.12.3.rel1.win32_1.0.100.202403111256/tools/bin/../lib/gcc/arm-none-eabi/12.3.1/thumb/v7-m/nofp/crtbegin.o
                [!provide]                        PROVIDE (__fini_array_end = .)
                0x08007cec                        . = ALIGN (0x4)
                0x08007cec                        _sidata = LOADADDR (.data)

.rel.dyn        0x08007cec        0x0
 .rel.iplt      0x08007cec        0x0 C:/ST/STM32CubeIDE_1.15.0/STM32CubeIDE/plugins/com.st.stm32cube.ide.mcu.externaltools.gnu-tools-for-stm32.12.3.rel1.win32_1.0.100.202403111256/tools/bin/../lib/gcc/arm-none-eabi/12.3.1/thumb/v7-m/nofp/crtbegin.o

.data           0x20000000      0x294 load address 0x08007cec
                0x20000000                        . = ALIGN (0x4)
                0x20000000                        _sdata = .
 *(.data)
 *(.data*)
 .data.auchCRCHi
                0x20000000      0x100 ./Core/Src/crc16.o
 .data.auchCRCLo
                0x20000100      0x100 ./Core/Src/crc16.o
 .data.Font_7x10
                0x20000200        0x8 ./Core/Src/fonts.o
                0x20000200                Font_7x10
 .data.PHUART_SIM
                0x20000208        0x4 ./Core/Src/main.o
                0x20000208                PHUART_SIM
 .data.PHUART_MODBUS
                0x2000020c        0x4 ./Core/Src/main.o
                0x2000020c                PHUART_MODBUS
 .data.smconf   0x20000210        0x4 ./Core/Src/mqtt.o
                0x20000210                smconf
 .data.smconn   0x20000214        0x4 ./Core/Src/mqtt.o
                0x20000214                smconn
 .data.smpub    0x20000218        0x4 ./Core/Src/mqtt.o
                0x20000218                smpub
 .data.smdisc   0x2000021c        0x4 ./Core/Src/mqtt.o
                0x2000021c                smdisc
 .data.cfun     0x20000220        0x4 ./Core/Src/sim.o
                0x20000220                cfun
 .data.cpin     0x20000224        0x4 ./Core/Src/sim.o
                0x20000224                cpin
 .data.cmee     0x20000228        0x4 ./Core/Src/sim.o
                0x20000228                cmee
 .data.creg     0x2000022c        0x4 ./Core/Src/sim.o
                0x2000022c                creg
 .data.cgreg    0x20000230        0x4 ./Core/Src/sim.o
                0x20000230                cgreg
 .data.cnact    0x20000234        0x4 ./Core/Src/sim.o
                0x20000234                cnact
 .data.SystemCoreClock
                0x20000238        0x4 ./Core/Src/system_stm32f1xx.o
                0x20000238                SystemCoreClock
 .data.uwTickPrio
                0x2000023c        0x4 ./Drivers/STM32F1xx_HAL_Driver/Src/stm32f1xx_hal.o
                0x2000023c                uwTickPrio
 .data.uwTickFreq
                0x20000240        0x1 ./Drivers/STM32F1xx_HAL_Driver/Src/stm32f1xx_hal.o
                0x20000240                uwTickFreq
 *fill*         0x20000241        0x3 
 .data._impure_ptr
                0x20000244        0x4 C:/ST/STM32CubeIDE_1.15.0/STM32CubeIDE/plugins/com.st.stm32cube.ide.mcu.externaltools.gnu-tools-for-stm32.12.3.rel1.win32_1.0.100.202403111256/tools/bin/../lib/gcc/arm-none-eabi/12.3.1/../../../../arm-none-eabi/lib/thumb/v7-m/nofp\libc_nano.a(libc_a-impure.o)
                0x20000244                _impure_ptr
 .data._impure_data
                0x20000248       0x4c C:/ST/STM32CubeIDE_1.15.0/STM32CubeIDE/plugins/com.st.stm32cube.ide.mcu.externaltools.gnu-tools-for-stm32.12.3.rel1.win32_1.0.100.202403111256/tools/bin/../lib/gcc/arm-none-eabi/12.3.1/../../../../arm-none-eabi/lib/thumb/v7-m/nofp\libc_nano.a(libc_a-impure.o)
                0x20000248                _impure_data
 *(.RamFunc)
 *(.RamFunc*)
                0x20000294                        . = ALIGN (0x4)
                0x20000294                        _edata = .

.igot.plt       0x20000294        0x0 load address 0x08007f80
 .igot.plt      0x20000294        0x0 C:/ST/STM32CubeIDE_1.15.0/STM32CubeIDE/plugins/com.st.stm32cube.ide.mcu.externaltools.gnu-tools-for-stm32.12.3.rel1.win32_1.0.100.202403111256/tools/bin/../lib/gcc/arm-none-eabi/12.3.1/thumb/v7-m/nofp/crtbegin.o
                0x20000294                        . = ALIGN (0x4)

.bss            0x20000294      0x820 load address 0x08007f80
                0x20000294                        _sbss = .
                0x20000294                        __bss_start__ = _sbss
 *(.bss)
 .bss           0x20000294       0x1c C:/ST/STM32CubeIDE_1.15.0/STM32CubeIDE/plugins/com.st.stm32cube.ide.mcu.externaltools.gnu-tools-for-stm32.12.3.rel1.win32_1.0.100.202403111256/tools/bin/../lib/gcc/arm-none-eabi/12.3.1/thumb/v7-m/nofp/crtbegin.o
 *(.bss*)
 .bss.tx_buff   0x200002b0       0x32 ./Core/Src/at.o
                0x200002b0                tx_buff
 .bss.RxLen     0x200002e2        0x2 ./Core/Src/at.o
                0x200002e2                RxLen
 .bss.hi2c1     0x200002e4       0x54 ./Core/Src/i2c.o
                0x200002e4                hi2c1
 .bss.sim       0x20000338       0x14 ./Core/Src/main.o
                0x20000338                sim
 .bss.oled      0x2000034c        0x8 ./Core/Src/main.o
                0x2000034c                oled
 .bss.mqtt_conn
                0x20000354       0x20 ./Core/Src/main.o
                0x20000354                mqtt_conn
 .bss.master    0x20000374        0xc ./Core/Src/main.o
                0x20000374                master
 .bss.modbus_tx_buff
                0x20000380        0x8 ./Core/Src/main.o
                0x20000380                modbus_tx_buff
 .bss.modbus_rx_buff
                0x20000388       0x40 ./Core/Src/main.o
                0x20000388                modbus_rx_buff
 .bss.mqtt_payload_buff
                0x200003c8       0x14 ./Core/Src/main.o
                0x200003c8                mqtt_payload_buff
 .bss.oled_buff
                0x200003dc        0xf ./Core/Src/main.o
                0x200003dc                oled_buff
 *fill*         0x200003eb        0x1 
 .bss.mqtt_rx_buff
                0x200003ec       0x64 ./Core/Src/mqtt.o
                0x200003ec                mqtt_rx_buff
 .bss.hrtc      0x20000450       0x14 ./Core/Src/rtc.o
                0x20000450                hrtc
 .bss.sim_rx_buff
                0x20000464       0x32 ./Core/Src/sim.o
                0x20000464                sim_rx_buff
 *fill*         0x20000496        0x2 
 .bss.sim_event_buff
                0x20000498       0x32 ./Core/Src/sim.o
                0x20000498                sim_event_buff
 *fill*         0x200004ca        0x2 
 .bss.SSD1306_Buffer
                0x200004cc      0x400 ./Core/Src/ssd1306.o
 .bss.SSD1306   0x200008cc        0x6 ./Core/Src/ssd1306.o
 *fill*         0x200008d2        0x2 
 .bss.__sbrk_heap_end
                0x200008d4        0x4 ./Core/Src/sysmem.o
 .bss.huart1    0x200008d8       0x48 ./Core/Src/usart.o
                0x200008d8                huart1
 .bss.huart2    0x20000920       0x48 ./Core/Src/usart.o
                0x20000920                huart2
 .bss.uwTick    0x20000968        0x4 ./Drivers/STM32F1xx_HAL_Driver/Src/stm32f1xx_hal.o
                0x20000968                uwTick
 .bss.__sf      0x2000096c      0x138 C:/ST/STM32CubeIDE_1.15.0/STM32CubeIDE/plugins/com.st.stm32cube.ide.mcu.externaltools.gnu-tools-for-stm32.12.3.rel1.win32_1.0.100.202403111256/tools/bin/../lib/gcc/arm-none-eabi/12.3.1/../../../../arm-none-eabi/lib/thumb/v7-m/nofp\libc_nano.a(libc_a-findfp.o)
                0x2000096c                __sf
 .bss.errno     0x20000aa4        0x4 C:/ST/STM32CubeIDE_1.15.0/STM32CubeIDE/plugins/com.st.stm32cube.ide.mcu.externaltools.gnu-tools-for-stm32.12.3.rel1.win32_1.0.100.202403111256/tools/bin/../lib/gcc/arm-none-eabi/12.3.1/../../../../arm-none-eabi/lib/thumb/v7-m/nofp\libc_nano.a(libc_a-reent.o)
                0x20000aa4                errno
 .bss.__lock___malloc_recursive_mutex
                0x20000aa8        0x1 C:/ST/STM32CubeIDE_1.15.0/STM32CubeIDE/plugins/com.st.stm32cube.ide.mcu.externaltools.gnu-tools-for-stm32.12.3.rel1.win32_1.0.100.202403111256/tools/bin/../lib/gcc/arm-none-eabi/12.3.1/../../../../arm-none-eabi/lib/thumb/v7-m/nofp\libc_nano.a(libc_a-lock.o)
                0x20000aa8                __lock___malloc_recursive_mutex
 *fill*         0x20000aa9        0x3 
 .bss.__malloc_sbrk_start
                0x20000aac        0x4 C:/ST/STM32CubeIDE_1.15.0/STM32CubeIDE/plugins/com.st.stm32cube.ide.mcu.externaltools.gnu-tools-for-stm32.12.3.rel1.win32_1.0.100.202403111256/tools/bin/../lib/gcc/arm-none-eabi/12.3.1/../../../../arm-none-eabi/lib/thumb/v7-m/nofp\libc_nano.a(libc_a-mallocr.o)
                0x20000aac                __malloc_sbrk_start
 .bss.__malloc_free_list
                0x20000ab0        0x4 C:/ST/STM32CubeIDE_1.15.0/STM32CubeIDE/plugins/com.st.stm32cube.ide.mcu.externaltools.gnu-tools-for-stm32.12.3.rel1.win32_1.0.100.202403111256/tools/bin/../lib/gcc/arm-none-eabi/12.3.1/../../../../arm-none-eabi/lib/thumb/v7-m/nofp\libc_nano.a(libc_a-mallocr.o)
                0x20000ab0                __malloc_free_list
 *(COMMON)
                0x20000ab4                        . = ALIGN (0x4)
                0x20000ab4                        _ebss = .
                0x20000ab4                        __bss_end__ = _ebss

._user_heap_stack
                0x20000ab4      0x604 load address 0x08007f80
                0x20000ab8                        . = ALIGN (0x8)
 *fill*         0x20000ab4        0x4 
                [!provide]                        PROVIDE (end = .)
                0x20000ab8                        PROVIDE (_end = .)
                0x20000cb8                        . = (. + _Min_Heap_Size)
 *fill*         0x20000ab8      0x200 
                0x200010b8                        . = (. + _Min_Stack_Size)
 *fill*         0x20000cb8      0x400 
                0x200010b8                        . = ALIGN (0x8)

/DISCARD/
 libc.a(*)
 libm.a(*)
 libgcc.a(*)

.ARM.attributes
                0x00000000       0x29
 *(.ARM.attributes)
 .ARM.attributes
                0x00000000       0x1d C:/ST/STM32CubeIDE_1.15.0/STM32CubeIDE/plugins/com.st.stm32cube.ide.mcu.externaltools.gnu-tools-for-stm32.12.3.rel1.win32_1.0.100.202403111256/tools/bin/../lib/gcc/arm-none-eabi/12.3.1/thumb/v7-m/nofp/crti.o
 .ARM.attributes
                0x0000001d       0x2d C:/ST/STM32CubeIDE_1.15.0/STM32CubeIDE/plugins/com.st.stm32cube.ide.mcu.externaltools.gnu-tools-for-stm32.12.3.rel1.win32_1.0.100.202403111256/tools/bin/../lib/gcc/arm-none-eabi/12.3.1/thumb/v7-m/nofp/crtbegin.o
 .ARM.attributes
                0x0000004a       0x2d ./Core/Src/at.o
 .ARM.attributes
                0x00000077       0x2d ./Core/Src/crc16.o
 .ARM.attributes
                0x000000a4       0x2d ./Core/Src/fonts.o
 .ARM.attributes
                0x000000d1       0x2d ./Core/Src/gpio.o
 .ARM.attributes
                0x000000fe       0x2d ./Core/Src/i2c.o
 .ARM.attributes
                0x0000012b       0x2d ./Core/Src/main.o
 .ARM.attributes
                0x00000158       0x2d ./Core/Src/modbus.o
 .ARM.attributes
                0x00000185       0x2d ./Core/Src/mqtt.o
 .ARM.attributes
                0x000001b2       0x2d ./Core/Src/oled.o
 .ARM.attributes
                0x000001df       0x2d ./Core/Src/rtc.o
 .ARM.attributes
                0x0000020c       0x2d ./Core/Src/rtc_delay.o
 .ARM.attributes
                0x00000239       0x2d ./Core/Src/sim.o
 .ARM.attributes
                0x00000266       0x2d ./Core/Src/ssd1306.o
 .ARM.attributes
                0x00000293       0x2d ./Core/Src/stm32f1xx_hal_msp.o
 .ARM.attributes
                0x000002c0       0x2d ./Core/Src/stm32f1xx_it.o
 .ARM.attributes
                0x000002ed       0x2d ./Core/Src/sysmem.o
 .ARM.attributes
                0x0000031a       0x2d ./Core/Src/system_stm32f1xx.o
 .ARM.attributes
                0x00000347       0x2d ./Core/Src/usart.o
 .ARM.attributes
                0x00000374       0x21 ./Core/Startup/startup_stm32f103c8tx.o
 .ARM.attributes
                0x00000395       0x2d ./Drivers/STM32F1xx_HAL_Driver/Src/stm32f1xx_hal.o
 .ARM.attributes
                0x000003c2       0x2d ./Drivers/STM32F1xx_HAL_Driver/Src/stm32f1xx_hal_cortex.o
 .ARM.attributes
                0x000003ef       0x2d ./Drivers/STM32F1xx_HAL_Driver/Src/stm32f1xx_hal_dma.o
 .ARM.attributes
                0x0000041c       0x2d ./Drivers/STM32F1xx_HAL_Driver/Src/stm32f1xx_hal_gpio.o
 .ARM.attributes
                0x00000449       0x2d ./Drivers/STM32F1xx_HAL_Driver/Src/stm32f1xx_hal_i2c.o
 .ARM.attributes
                0x00000476       0x2d ./Drivers/STM32F1xx_HAL_Driver/Src/stm32f1xx_hal_pwr.o
 .ARM.attributes
                0x000004a3       0x2d ./Drivers/STM32F1xx_HAL_Driver/Src/stm32f1xx_hal_rcc.o
 .ARM.attributes
                0x000004d0       0x2d ./Drivers/STM32F1xx_HAL_Driver/Src/stm32f1xx_hal_rcc_ex.o
 .ARM.attributes
                0x000004fd       0x2d ./Drivers/STM32F1xx_HAL_Driver/Src/stm32f1xx_hal_rtc.o
 .ARM.attributes
                0x0000052a       0x2d ./Drivers/STM32F1xx_HAL_Driver/Src/stm32f1xx_hal_rtc_ex.o
 .ARM.attributes
                0x00000557       0x2d ./Drivers/STM32F1xx_HAL_Driver/Src/stm32f1xx_hal_uart.o
 .ARM.attributes
                0x00000584       0x2d C:/ST/STM32CubeIDE_1.15.0/STM32CubeIDE/plugins/com.st.stm32cube.ide.mcu.externaltools.gnu-tools-for-stm32.12.3.rel1.win32_1.0.100.202403111256/tools/bin/../lib/gcc/arm-none-eabi/12.3.1/../../../../arm-none-eabi/lib/thumb/v7-m/nofp\libc_nano.a(libc_a-findfp.o)
 .ARM.attributes
                0x000005b1       0x2d C:/ST/STM32CubeIDE_1.15.0/STM32CubeIDE/plugins/com.st.stm32cube.ide.mcu.externaltools.gnu-tools-for-stm32.12.3.rel1.win32_1.0.100.202403111256/tools/bin/../lib/gcc/arm-none-eabi/12.3.1/../../../../arm-none-eabi/lib/thumb/v7-m/nofp\libc_nano.a(libc_a-sprintf.o)
 .ARM.attributes
                0x000005de       0x2d C:/ST/STM32CubeIDE_1.15.0/STM32CubeIDE/plugins/com.st.stm32cube.ide.mcu.externaltools.gnu-tools-for-stm32.12.3.rel1.win32_1.0.100.202403111256/tools/bin/../lib/gcc/arm-none-eabi/12.3.1/../../../../arm-none-eabi/lib/thumb/v7-m/nofp\libc_nano.a(libc_a-memset.o)
 .ARM.attributes
                0x0000060b       0x2d C:/ST/STM32CubeIDE_1.15.0/STM32CubeIDE/plugins/com.st.stm32cube.ide.mcu.externaltools.gnu-tools-for-stm32.12.3.rel1.win32_1.0.100.202403111256/tools/bin/../lib/gcc/arm-none-eabi/12.3.1/../../../../arm-none-eabi/lib/thumb/v7-m/nofp\libc_nano.a(libc_a-strcat.o)
 .ARM.attributes
                0x00000638       0x2d C:/ST/STM32CubeIDE_1.15.0/STM32CubeIDE/plugins/com.st.stm32cube.ide.mcu.externaltools.gnu-tools-for-stm32.12.3.rel1.win32_1.0.100.202403111256/tools/bin/../lib/gcc/arm-none-eabi/12.3.1/../../../../arm-none-eabi/lib/thumb/v7-m/nofp\libc_nano.a(libc_a-strstr.o)
 .ARM.attributes
                0x00000665       0x2d C:/ST/STM32CubeIDE_1.15.0/STM32CubeIDE/plugins/com.st.stm32cube.ide.mcu.externaltools.gnu-tools-for-stm32.12.3.rel1.win32_1.0.100.202403111256/tools/bin/../lib/gcc/arm-none-eabi/12.3.1/../../../../arm-none-eabi/lib/thumb/v7-m/nofp\libc_nano.a(libc_a-reent.o)
 .ARM.attributes
                0x00000692       0x2d C:/ST/STM32CubeIDE_1.15.0/STM32CubeIDE/plugins/com.st.stm32cube.ide.mcu.externaltools.gnu-tools-for-stm32.12.3.rel1.win32_1.0.100.202403111256/tools/bin/../lib/gcc/arm-none-eabi/12.3.1/../../../../arm-none-eabi/lib/thumb/v7-m/nofp\libc_nano.a(libc_a-impure.o)
 .ARM.attributes
                0x000006bf       0x2d C:/ST/STM32CubeIDE_1.15.0/STM32CubeIDE/plugins/com.st.stm32cube.ide.mcu.externaltools.gnu-tools-for-stm32.12.3.rel1.win32_1.0.100.202403111256/tools/bin/../lib/gcc/arm-none-eabi/12.3.1/../../../../arm-none-eabi/lib/thumb/v7-m/nofp\libc_nano.a(libc_a-errno.o)
 .ARM.attributes
                0x000006ec       0x2d C:/ST/STM32CubeIDE_1.15.0/STM32CubeIDE/plugins/com.st.stm32cube.ide.mcu.externaltools.gnu-tools-for-stm32.12.3.rel1.win32_1.0.100.202403111256/tools/bin/../lib/gcc/arm-none-eabi/12.3.1/../../../../arm-none-eabi/lib/thumb/v7-m/nofp\libc_nano.a(libc_a-init.o)
 .ARM.attributes
                0x00000719       0x2d C:/ST/STM32CubeIDE_1.15.0/STM32CubeIDE/plugins/com.st.stm32cube.ide.mcu.externaltools.gnu-tools-for-stm32.12.3.rel1.win32_1.0.100.202403111256/tools/bin/../lib/gcc/arm-none-eabi/12.3.1/../../../../arm-none-eabi/lib/thumb/v7-m/nofp\libc_nano.a(libc_a-lock.o)
 .ARM.attributes
                0x00000746       0x17 C:/ST/STM32CubeIDE_1.15.0/STM32CubeIDE/plugins/com.st.stm32cube.ide.mcu.externaltools.gnu-tools-for-stm32.12.3.rel1.win32_1.0.100.202403111256/tools/bin/../lib/gcc/arm-none-eabi/12.3.1/../../../../arm-none-eabi/lib/thumb/v7-m/nofp\libc_nano.a(libc_a-strlen.o)
 .ARM.attributes
                0x0000075d       0x2d C:/ST/STM32CubeIDE_1.15.0/STM32CubeIDE/plugins/com.st.stm32cube.ide.mcu.externaltools.gnu-tools-for-stm32.12.3.rel1.win32_1.0.100.202403111256/tools/bin/../lib/gcc/arm-none-eabi/12.3.1/../../../../arm-none-eabi/lib/thumb/v7-m/nofp\libc_nano.a(libc_a-freer.o)
 .ARM.attributes
                0x0000078a       0x2d C:/ST/STM32CubeIDE_1.15.0/STM32CubeIDE/plugins/com.st.stm32cube.ide.mcu.externaltools.gnu-tools-for-stm32.12.3.rel1.win32_1.0.100.202403111256/tools/bin/../lib/gcc/arm-none-eabi/12.3.1/../../../../arm-none-eabi/lib/thumb/v7-m/nofp\libc_nano.a(libc_a-mallocr.o)
 .ARM.attributes
                0x000007b7       0x2d C:/ST/STM32CubeIDE_1.15.0/STM32CubeIDE/plugins/com.st.stm32cube.ide.mcu.externaltools.gnu-tools-for-stm32.12.3.rel1.win32_1.0.100.202403111256/tools/bin/../lib/gcc/arm-none-eabi/12.3.1/../../../../arm-none-eabi/lib/thumb/v7-m/nofp\libc_nano.a(libc_a-mlock.o)
 .ARM.attributes
                0x000007e4       0x2d C:/ST/STM32CubeIDE_1.15.0/STM32CubeIDE/plugins/com.st.stm32cube.ide.mcu.externaltools.gnu-tools-for-stm32.12.3.rel1.win32_1.0.100.202403111256/tools/bin/../lib/gcc/arm-none-eabi/12.3.1/../../../../arm-none-eabi/lib/thumb/v7-m/nofp\libc_nano.a(libc_a-nano-svfprintf.o)
 .ARM.attributes
                0x00000811       0x2d C:/ST/STM32CubeIDE_1.15.0/STM32CubeIDE/plugins/com.st.stm32cube.ide.mcu.externaltools.gnu-tools-for-stm32.12.3.rel1.win32_1.0.100.202403111256/tools/bin/../lib/gcc/arm-none-eabi/12.3.1/../../../../arm-none-eabi/lib/thumb/v7-m/nofp\libc_nano.a(libc_a-nano-vfprintf_i.o)
 .ARM.attributes
                0x0000083e       0x2d C:/ST/STM32CubeIDE_1.15.0/STM32CubeIDE/plugins/com.st.stm32cube.ide.mcu.externaltools.gnu-tools-for-stm32.12.3.rel1.win32_1.0.100.202403111256/tools/bin/../lib/gcc/arm-none-eabi/12.3.1/../../../../arm-none-eabi/lib/thumb/v7-m/nofp\libc_nano.a(libc_a-memmove.o)
 .ARM.attributes
                0x0000086b       0x2d C:/ST/STM32CubeIDE_1.15.0/STM32CubeIDE/plugins/com.st.stm32cube.ide.mcu.externaltools.gnu-tools-for-stm32.12.3.rel1.win32_1.0.100.202403111256/tools/bin/../lib/gcc/arm-none-eabi/12.3.1/../../../../arm-none-eabi/lib/thumb/v7-m/nofp\libc_nano.a(libc_a-sbrkr.o)
 .ARM.attributes
                0x00000898       0x2d C:/ST/STM32CubeIDE_1.15.0/STM32CubeIDE/plugins/com.st.stm32cube.ide.mcu.externaltools.gnu-tools-for-stm32.12.3.rel1.win32_1.0.100.202403111256/tools/bin/../lib/gcc/arm-none-eabi/12.3.1/../../../../arm-none-eabi/lib/thumb/v7-m/nofp\libc_nano.a(libc_a-memchr-stub.o)
 .ARM.attributes
                0x000008c5       0x2d C:/ST/STM32CubeIDE_1.15.0/STM32CubeIDE/plugins/com.st.stm32cube.ide.mcu.externaltools.gnu-tools-for-stm32.12.3.rel1.win32_1.0.100.202403111256/tools/bin/../lib/gcc/arm-none-eabi/12.3.1/../../../../arm-none-eabi/lib/thumb/v7-m/nofp\libc_nano.a(libc_a-memcpy-stub.o)
 .ARM.attributes
                0x000008f2       0x2d C:/ST/STM32CubeIDE_1.15.0/STM32CubeIDE/plugins/com.st.stm32cube.ide.mcu.externaltools.gnu-tools-for-stm32.12.3.rel1.win32_1.0.100.202403111256/tools/bin/../lib/gcc/arm-none-eabi/12.3.1/../../../../arm-none-eabi/lib/thumb/v7-m/nofp\libc_nano.a(libc_a-reallocr.o)
 .ARM.attributes
                0x0000091f       0x2d C:/ST/STM32CubeIDE_1.15.0/STM32CubeIDE/plugins/com.st.stm32cube.ide.mcu.externaltools.gnu-tools-for-stm32.12.3.rel1.win32_1.0.100.202403111256/tools/bin/../lib/gcc/arm-none-eabi/12.3.1/../../../../arm-none-eabi/lib/thumb/v7-m/nofp\libc_nano.a(libc_a-msizer.o)
 .ARM.attributes
                0x0000094c       0x1d C:/ST/STM32CubeIDE_1.15.0/STM32CubeIDE/plugins/com.st.stm32cube.ide.mcu.externaltools.gnu-tools-for-stm32.12.3.rel1.win32_1.0.100.202403111256/tools/bin/../lib/gcc/arm-none-eabi/12.3.1/thumb/v7-m/nofp/crtn.o
OUTPUT(modbus_mqtt.elf elf32-littlearm)
LOAD linker stubs
LOAD C:/ST/STM32CubeIDE_1.15.0/STM32CubeIDE/plugins/com.st.stm32cube.ide.mcu.externaltools.gnu-tools-for-stm32.12.3.rel1.win32_1.0.100.202403111256/tools/bin/../lib/gcc/arm-none-eabi/12.3.1/../../../../arm-none-eabi/lib/thumb/v7-m/nofp\libc.a
LOAD C:/ST/STM32CubeIDE_1.15.0/STM32CubeIDE/plugins/com.st.stm32cube.ide.mcu.externaltools.gnu-tools-for-stm32.12.3.rel1.win32_1.0.100.202403111256/tools/bin/../lib/gcc/arm-none-eabi/12.3.1/../../../../arm-none-eabi/lib/thumb/v7-m/nofp\libm.a
LOAD C:/ST/STM32CubeIDE_1.15.0/STM32CubeIDE/plugins/com.st.stm32cube.ide.mcu.externaltools.gnu-tools-for-stm32.12.3.rel1.win32_1.0.100.202403111256/tools/bin/../lib/gcc/arm-none-eabi/12.3.1/thumb/v7-m/nofp\libgcc.a

.debug_info     0x00000000    0x11ad6
 .debug_info    0x00000000      0xa11 ./Core/Src/at.o
 .debug_info    0x00000a11      0x157 ./Core/Src/crc16.o
 .debug_info    0x00000b68      0x19a ./Core/Src/fonts.o
 .debug_info    0x00000d02      0x19f ./Core/Src/gpio.o
 .debug_info    0x00000ea1      0x7e3 ./Core/Src/i2c.o
 .debug_info    0x00001684     0x143d ./Core/Src/main.o
 .debug_info    0x00002ac1      0x8db ./Core/Src/modbus.o
 .debug_info    0x0000339c      0xd98 ./Core/Src/mqtt.o
 .debug_info    0x00004134      0x769 ./Core/Src/oled.o
 .debug_info    0x0000489d      0x64c ./Core/Src/rtc.o
 .debug_info    0x00004ee9      0x3ab ./Core/Src/rtc_delay.o
 .debug_info    0x00005294      0xf24 ./Core/Src/sim.o
 .debug_info    0x000061b8      0x8d8 ./Core/Src/ssd1306.o
 .debug_info    0x00006a90      0x1f1 ./Core/Src/stm32f1xx_hal_msp.o
 .debug_info    0x00006c81      0x81c ./Core/Src/stm32f1xx_it.o
 .debug_info    0x0000749d      0x168 ./Core/Src/sysmem.o
 .debug_info    0x00007605      0x222 ./Core/Src/system_stm32f1xx.o
 .debug_info    0x00007827      0x982 ./Core/Src/usart.o
 .debug_info    0x000081a9       0x30 ./Core/Startup/startup_stm32f103c8tx.o
 .debug_info    0x000081d9      0x73b ./Drivers/STM32F1xx_HAL_Driver/Src/stm32f1xx_hal.o
 .debug_info    0x00008914      0xaa1 ./Drivers/STM32F1xx_HAL_Driver/Src/stm32f1xx_hal_cortex.o
 .debug_info    0x000093b5      0x707 ./Drivers/STM32F1xx_HAL_Driver/Src/stm32f1xx_hal_dma.o
 .debug_info    0x00009abc      0x5dc ./Drivers/STM32F1xx_HAL_Driver/Src/stm32f1xx_hal_gpio.o
 .debug_info    0x0000a098     0x2527 ./Drivers/STM32F1xx_HAL_Driver/Src/stm32f1xx_hal_i2c.o
 .debug_info    0x0000c5bf      0x642 ./Drivers/STM32F1xx_HAL_Driver/Src/stm32f1xx_hal_pwr.o
 .debug_info    0x0000cc01      0x7f0 ./Drivers/STM32F1xx_HAL_Driver/Src/stm32f1xx_hal_rcc.o
 .debug_info    0x0000d3f1      0x3dc ./Drivers/STM32F1xx_HAL_Driver/Src/stm32f1xx_hal_rcc_ex.o
 .debug_info    0x0000d7cd      0xc90 ./Drivers/STM32F1xx_HAL_Driver/Src/stm32f1xx_hal_rtc.o
 .debug_info    0x0000e45d      0x6bc ./Drivers/STM32F1xx_HAL_Driver/Src/stm32f1xx_hal_rtc_ex.o
 .debug_info    0x0000eb19     0x2fbd ./Drivers/STM32F1xx_HAL_Driver/Src/stm32f1xx_hal_uart.o

.debug_abbrev   0x00000000     0x372a
 .debug_abbrev  0x00000000      0x222 ./Core/Src/at.o
 .debug_abbrev  0x00000222       0x95 ./Core/Src/crc16.o
 .debug_abbrev  0x000002b7       0xb3 ./Core/Src/fonts.o
 .debug_abbrev  0x0000036a       0xc6 ./Core/Src/gpio.o
 .debug_abbrev  0x00000430      0x1de ./Core/Src/i2c.o
 .debug_abbrev  0x0000060e      0x33a ./Core/Src/main.o
 .debug_abbrev  0x00000948      0x1f4 ./Core/Src/modbus.o
 .debug_abbrev  0x00000b3c      0x278 ./Core/Src/mqtt.o
 .debug_abbrev  0x00000db4      0x1b8 ./Core/Src/oled.o
 .debug_abbrev  0x00000f6c      0x1c1 ./Core/Src/rtc.o
 .debug_abbrev  0x0000112d      0x143 ./Core/Src/rtc_delay.o
 .debug_abbrev  0x00001270      0x24d ./Core/Src/sim.o
 .debug_abbrev  0x000014bd      0x210 ./Core/Src/ssd1306.o
 .debug_abbrev  0x000016cd       0xdb ./Core/Src/stm32f1xx_hal_msp.o
 .debug_abbrev  0x000017a8      0x1a4 ./Core/Src/stm32f1xx_it.o
 .debug_abbrev  0x0000194c       0xbc ./Core/Src/sysmem.o
 .debug_abbrev  0x00001a08      0x13f ./Core/Src/system_stm32f1xx.o
 .debug_abbrev  0x00001b47      0x20b ./Core/Src/usart.o
 .debug_abbrev  0x00001d52       0x24 ./Core/Startup/startup_stm32f103c8tx.o
 .debug_abbrev  0x00001d76      0x209 ./Drivers/STM32F1xx_HAL_Driver/Src/stm32f1xx_hal.o
 .debug_abbrev  0x00001f7f      0x2fa ./Drivers/STM32F1xx_HAL_Driver/Src/stm32f1xx_hal_cortex.o
 .debug_abbrev  0x00002279      0x220 ./Drivers/STM32F1xx_HAL_Driver/Src/stm32f1xx_hal_dma.o
 .debug_abbrev  0x00002499      0x1e7 ./Drivers/STM32F1xx_HAL_Driver/Src/stm32f1xx_hal_gpio.o
 .debug_abbrev  0x00002680      0x2b8 ./Drivers/STM32F1xx_HAL_Driver/Src/stm32f1xx_hal_i2c.o
 .debug_abbrev  0x00002938      0x1f8 ./Drivers/STM32F1xx_HAL_Driver/Src/stm32f1xx_hal_pwr.o
 .debug_abbrev  0x00002b30      0x2ad ./Drivers/STM32F1xx_HAL_Driver/Src/stm32f1xx_hal_rcc.o
 .debug_abbrev  0x00002ddd      0x1a5 ./Drivers/STM32F1xx_HAL_Driver/Src/stm32f1xx_hal_rcc_ex.o
 .debug_abbrev  0x00002f82      0x24f ./Drivers/STM32F1xx_HAL_Driver/Src/stm32f1xx_hal_rtc.o
 .debug_abbrev  0x000031d1      0x24c ./Drivers/STM32F1xx_HAL_Driver/Src/stm32f1xx_hal_rtc_ex.o
 .debug_abbrev  0x0000341d      0x30d ./Drivers/STM32F1xx_HAL_Driver/Src/stm32f1xx_hal_uart.o

.debug_aranges  0x00000000      0xef8
 .debug_aranges
                0x00000000       0x60 ./Core/Src/at.o
 .debug_aranges
                0x00000060       0x20 ./Core/Src/crc16.o
 .debug_aranges
                0x00000080       0x18 ./Core/Src/fonts.o
 .debug_aranges
                0x00000098       0x20 ./Core/Src/gpio.o
 .debug_aranges
                0x000000b8       0x30 ./Core/Src/i2c.o
 .debug_aranges
                0x000000e8       0x70 ./Core/Src/main.o
 .debug_aranges
                0x00000158       0x40 ./Core/Src/modbus.o
 .debug_aranges
                0x00000198       0x48 ./Core/Src/mqtt.o
 .debug_aranges
                0x000001e0       0x38 ./Core/Src/oled.o
 .debug_aranges
                0x00000218       0x30 ./Core/Src/rtc.o
 .debug_aranges
                0x00000248       0x20 ./Core/Src/rtc_delay.o
 .debug_aranges
                0x00000268       0x90 ./Core/Src/sim.o
 .debug_aranges
                0x000002f8       0x60 ./Core/Src/ssd1306.o
 .debug_aranges
                0x00000358       0x20 ./Core/Src/stm32f1xx_hal_msp.o
 .debug_aranges
                0x00000378       0x88 ./Core/Src/stm32f1xx_it.o
 .debug_aranges
                0x00000400       0x20 ./Core/Src/sysmem.o
 .debug_aranges
                0x00000420       0x28 ./Core/Src/system_stm32f1xx.o
 .debug_aranges
                0x00000448       0x38 ./Core/Src/usart.o
 .debug_aranges
                0x00000480       0x28 ./Core/Startup/startup_stm32f103c8tx.o
 .debug_aranges
                0x000004a8       0xe0 ./Drivers/STM32F1xx_HAL_Driver/Src/stm32f1xx_hal.o
 .debug_aranges
                0x00000588      0x100 ./Drivers/STM32F1xx_HAL_Driver/Src/stm32f1xx_hal_cortex.o
 .debug_aranges
                0x00000688       0x80 ./Drivers/STM32F1xx_HAL_Driver/Src/stm32f1xx_hal_dma.o
 .debug_aranges
                0x00000708       0x58 ./Drivers/STM32F1xx_HAL_Driver/Src/stm32f1xx_hal_gpio.o
 .debug_aranges
                0x00000760      0x2a8 ./Drivers/STM32F1xx_HAL_Driver/Src/stm32f1xx_hal_i2c.o
 .debug_aranges
                0x00000a08       0xa8 ./Drivers/STM32F1xx_HAL_Driver/Src/stm32f1xx_hal_pwr.o
 .debug_aranges
                0x00000ab0       0x90 ./Drivers/STM32F1xx_HAL_Driver/Src/stm32f1xx_hal_rcc.o
 .debug_aranges
                0x00000b40       0x30 ./Drivers/STM32F1xx_HAL_Driver/Src/stm32f1xx_hal_rcc_ex.o
 .debug_aranges
                0x00000b70       0xf8 ./Drivers/STM32F1xx_HAL_Driver/Src/stm32f1xx_hal_rtc.o
 .debug_aranges
                0x00000c68       0x88 ./Drivers/STM32F1xx_HAL_Driver/Src/stm32f1xx_hal_rtc_ex.o
 .debug_aranges
                0x00000cf0      0x208 ./Drivers/STM32F1xx_HAL_Driver/Src/stm32f1xx_hal_uart.o

.debug_rnglists
                0x00000000      0xb81
 .debug_rnglists
                0x00000000       0x49 ./Core/Src/at.o
 .debug_rnglists
                0x00000049       0x13 ./Core/Src/crc16.o
 .debug_rnglists
                0x0000005c       0x13 ./Core/Src/gpio.o
 .debug_rnglists
                0x0000006f       0x1f ./Core/Src/i2c.o
 .debug_rnglists
                0x0000008e       0x65 ./Core/Src/main.o
 .debug_rnglists
                0x000000f3       0x2d ./Core/Src/modbus.o
 .debug_rnglists
                0x00000120       0x33 ./Core/Src/mqtt.o
 .debug_rnglists
                0x00000153       0x26 ./Core/Src/oled.o
 .debug_rnglists
                0x00000179       0x20 ./Core/Src/rtc.o
 .debug_rnglists
                0x00000199       0x14 ./Core/Src/rtc_delay.o
 .debug_rnglists
                0x000001ad       0x80 ./Core/Src/sim.o
 .debug_rnglists
                0x0000022d       0x46 ./Core/Src/ssd1306.o
 .debug_rnglists
                0x00000273       0x13 ./Core/Src/stm32f1xx_hal_msp.o
 .debug_rnglists
                0x00000286       0x61 ./Core/Src/stm32f1xx_it.o
 .debug_rnglists
                0x000002e7       0x13 ./Core/Src/sysmem.o
 .debug_rnglists
                0x000002fa       0x1a ./Core/Src/system_stm32f1xx.o
 .debug_rnglists
                0x00000314       0x26 ./Core/Src/usart.o
 .debug_rnglists
                0x0000033a       0x19 ./Core/Startup/startup_stm32f103c8tx.o
 .debug_rnglists
                0x00000353       0xa3 ./Drivers/STM32F1xx_HAL_Driver/Src/stm32f1xx_hal.o
 .debug_rnglists
                0x000003f6       0xbb ./Drivers/STM32F1xx_HAL_Driver/Src/stm32f1xx_hal_cortex.o
 .debug_rnglists
                0x000004b1       0x64 ./Drivers/STM32F1xx_HAL_Driver/Src/stm32f1xx_hal_dma.o
 .debug_rnglists
                0x00000515       0x40 ./Drivers/STM32F1xx_HAL_Driver/Src/stm32f1xx_hal_gpio.o
 .debug_rnglists
                0x00000555      0x23d ./Drivers/STM32F1xx_HAL_Driver/Src/stm32f1xx_hal_i2c.o
 .debug_rnglists
                0x00000792       0x7b ./Drivers/STM32F1xx_HAL_Driver/Src/stm32f1xx_hal_pwr.o
 .debug_rnglists
                0x0000080d       0x6e ./Drivers/STM32F1xx_HAL_Driver/Src/stm32f1xx_hal_rcc.o
 .debug_rnglists
                0x0000087b       0x21 ./Drivers/STM32F1xx_HAL_Driver/Src/stm32f1xx_hal_rcc_ex.o
 .debug_rnglists
                0x0000089c       0xc1 ./Drivers/STM32F1xx_HAL_Driver/Src/stm32f1xx_hal_rtc.o
 .debug_rnglists
                0x0000095d       0x64 ./Drivers/STM32F1xx_HAL_Driver/Src/stm32f1xx_hal_rtc_ex.o
 .debug_rnglists
                0x000009c1      0x1c0 ./Drivers/STM32F1xx_HAL_Driver/Src/stm32f1xx_hal_uart.o

.debug_macro    0x00000000    0x1937f
 .debug_macro   0x00000000      0x2a5 ./Core/Src/at.o
 .debug_macro   0x000002a5      0xaa8 ./Core/Src/at.o
 .debug_macro   0x00000d4d      0x228 ./Core/Src/at.o
 .debug_macro   0x00000f75       0x2e ./Core/Src/at.o
 .debug_macro   0x00000fa3       0x22 ./Core/Src/at.o
 .debug_macro   0x00000fc5       0x22 ./Core/Src/at.o
 .debug_macro   0x00000fe7       0x8e ./Core/Src/at.o
 .debug_macro   0x00001075       0x51 ./Core/Src/at.o
 .debug_macro   0x000010c6      0x103 ./Core/Src/at.o
 .debug_macro   0x000011c9       0x6a ./Core/Src/at.o
 .debug_macro   0x00001233      0x1df ./Core/Src/at.o
 .debug_macro   0x00001412       0x1c ./Core/Src/at.o
 .debug_macro   0x0000142e       0x22 ./Core/Src/at.o
 .debug_macro   0x00001450       0xbd ./Core/Src/at.o
 .debug_macro   0x0000150d      0xd23 ./Core/Src/at.o
 .debug_macro   0x00002230     0xe09e ./Core/Src/at.o
 .debug_macro   0x000102ce       0x6d ./Core/Src/at.o
 .debug_macro   0x0001033b     0x348d ./Core/Src/at.o
 .debug_macro   0x000137c8      0x189 ./Core/Src/at.o
 .debug_macro   0x00013951       0x5c ./Core/Src/at.o
 .debug_macro   0x000139ad      0x5bc ./Core/Src/at.o
 .debug_macro   0x00013f69      0x289 ./Core/Src/at.o
 .debug_macro   0x000141f2      0x1cb ./Core/Src/at.o
 .debug_macro   0x000143bd      0x114 ./Core/Src/at.o
 .debug_macro   0x000144d1      0x1b2 ./Core/Src/at.o
 .debug_macro   0x00014683       0x27 ./Core/Src/at.o
 .debug_macro   0x000146aa      0x136 ./Core/Src/at.o
 .debug_macro   0x000147e0      0x1bc ./Core/Src/at.o
 .debug_macro   0x0001499c       0x34 ./Core/Src/at.o
 .debug_macro   0x000149d0       0x3c ./Core/Src/at.o
 .debug_macro   0x00014a0c       0x57 ./Core/Src/at.o
 .debug_macro   0x00014a63       0x87 ./Core/Src/at.o
 .debug_macro   0x00014aea      0x240 ./Core/Src/at.o
 .debug_macro   0x00014d2a      0x287 ./Core/Src/at.o
 .debug_macro   0x00014fb1      0x140 ./Core/Src/at.o
 .debug_macro   0x000150f1      0x1ef ./Core/Src/at.o
 .debug_macro   0x000152e0       0xeb ./Core/Src/at.o
 .debug_macro   0x000153cb      0x28e ./Core/Src/at.o
 .debug_macro   0x00015659       0x83 ./Core/Src/at.o
 .debug_macro   0x000156dc       0x22 ./Core/Src/at.o
 .debug_macro   0x000156fe       0x58 ./Core/Src/at.o
 .debug_macro   0x00015756       0x1c ./Core/Src/at.o
 .debug_macro   0x00015772       0x61 ./Core/Src/at.o
 .debug_macro   0x000157d3       0x24 ./Core/Src/at.o
 .debug_macro   0x000157f7       0x43 ./Core/Src/at.o
 .debug_macro   0x0001583a       0x34 ./Core/Src/at.o
 .debug_macro   0x0001586e       0x16 ./Core/Src/at.o
 .debug_macro   0x00015884       0x43 ./Core/Src/at.o
 .debug_macro   0x000158c7       0x34 ./Core/Src/at.o
 .debug_macro   0x000158fb       0x10 ./Core/Src/at.o
 .debug_macro   0x0001590b       0x58 ./Core/Src/at.o
 .debug_macro   0x00015963       0x8e ./Core/Src/at.o
 .debug_macro   0x000159f1       0x1c ./Core/Src/at.o
 .debug_macro   0x00015a0d      0x177 ./Core/Src/at.o
 .debug_macro   0x00015b84      0x369 ./Core/Src/at.o
 .debug_macro   0x00015eed       0x10 ./Core/Src/at.o
 .debug_macro   0x00015efd       0x35 ./Core/Src/at.o
 .debug_macro   0x00015f32       0x20 ./Core/Src/at.o
 .debug_macro   0x00015f52      0x1c0 ./Core/Src/crc16.o
 .debug_macro   0x00016112       0x6d ./Core/Src/fonts.o
 .debug_macro   0x0001617f      0x1c0 ./Core/Src/gpio.o
 .debug_macro   0x0001633f      0x1c0 ./Core/Src/i2c.o
 .debug_macro   0x000164ff      0x26b ./Core/Src/main.o
 .debug_macro   0x0001676a       0x1c ./Core/Src/main.o
 .debug_macro   0x00016786       0x10 ./Core/Src/main.o
 .debug_macro   0x00016796       0x10 ./Core/Src/main.o
 .debug_macro   0x000167a6       0x10 ./Core/Src/main.o
 .debug_macro   0x000167b6      0x29e ./Core/Src/modbus.o
 .debug_macro   0x00016a54      0x202 ./Core/Src/mqtt.o
 .debug_macro   0x00016c56      0x1df ./Core/Src/oled.o
 .debug_macro   0x00016e35       0x22 ./Core/Src/oled.o
 .debug_macro   0x00016e57      0x1c0 ./Core/Src/rtc.o
 .debug_macro   0x00017017      0x1c0 ./Core/Src/rtc_delay.o
 .debug_macro   0x000171d7      0x1ed ./Core/Src/sim.o
 .debug_macro   0x000173c4       0x16 ./Core/Src/sim.o
 .debug_macro   0x000173da      0x1c5 ./Core/Src/ssd1306.o
 .debug_macro   0x0001759f      0x1b6 ./Core/Src/stm32f1xx_hal_msp.o
 .debug_macro   0x00017755      0x1c0 ./Core/Src/stm32f1xx_it.o
 .debug_macro   0x00017915       0xff ./Core/Src/sysmem.o
 .debug_macro   0x00017a14      0x23c ./Core/Src/sysmem.o
 .debug_macro   0x00017c50      0x1ac ./Core/Src/system_stm32f1xx.o
 .debug_macro   0x00017dfc      0x1c0 ./Core/Src/usart.o
 .debug_macro   0x00017fbc      0x1d0 ./Drivers/STM32F1xx_HAL_Driver/Src/stm32f1xx_hal.o
 .debug_macro   0x0001818c      0x1ac ./Drivers/STM32F1xx_HAL_Driver/Src/stm32f1xx_hal_cortex.o
 .debug_macro   0x00018338      0x1ac ./Drivers/STM32F1xx_HAL_Driver/Src/stm32f1xx_hal_dma.o
 .debug_macro   0x000184e4      0x217 ./Drivers/STM32F1xx_HAL_Driver/Src/stm32f1xx_hal_gpio.o
 .debug_macro   0x000186fb      0x1fa ./Drivers/STM32F1xx_HAL_Driver/Src/stm32f1xx_hal_i2c.o
 .debug_macro   0x000188f5      0x20c ./Drivers/STM32F1xx_HAL_Driver/Src/stm32f1xx_hal_pwr.o
 .debug_macro   0x00018b01      0x1be ./Drivers/STM32F1xx_HAL_Driver/Src/stm32f1xx_hal_rcc.o
 .debug_macro   0x00018cbf      0x1ac ./Drivers/STM32F1xx_HAL_Driver/Src/stm32f1xx_hal_rcc_ex.o
 .debug_macro   0x00018e6b      0x1bb ./Drivers/STM32F1xx_HAL_Driver/Src/stm32f1xx_hal_rtc.o
 .debug_macro   0x00019026      0x1ac ./Drivers/STM32F1xx_HAL_Driver/Src/stm32f1xx_hal_rtc_ex.o
 .debug_macro   0x000191d2      0x1ad ./Drivers/STM32F1xx_HAL_Driver/Src/stm32f1xx_hal_uart.o

.debug_line     0x00000000    0x16a7a
 .debug_line    0x00000000      0xa89 ./Core/Src/at.o
 .debug_line    0x00000a89      0x73c ./Core/Src/crc16.o
 .debug_line    0x000011c5      0x412 ./Core/Src/fonts.o
 .debug_line    0x000015d7      0x71a ./Core/Src/gpio.o
 .debug_line    0x00001cf1      0x781 ./Core/Src/i2c.o
 .debug_line    0x00002472      0xa3b ./Core/Src/main.o
 .debug_line    0x00002ead      0x9ce ./Core/Src/modbus.o
 .debug_line    0x0000387b      0x8b1 ./Core/Src/mqtt.o
 .debug_line    0x0000412c      0x7a4 ./Core/Src/oled.o
 .debug_line    0x000048d0      0x79c ./Core/Src/rtc.o
 .debug_line    0x0000506c      0x772 ./Core/Src/rtc_delay.o
 .debug_line    0x000057de      0x9a5 ./Core/Src/sim.o
 .debug_line    0x00006183      0x9f5 ./Core/Src/ssd1306.o
 .debug_line    0x00006b78      0x71c ./Core/Src/stm32f1xx_hal_msp.o
 .debug_line    0x00007294      0x856 ./Core/Src/stm32f1xx_it.o
 .debug_line    0x00007aea      0x583 ./Core/Src/sysmem.o
 .debug_line    0x0000806d      0x79a ./Core/Src/system_stm32f1xx.o
 .debug_line    0x00008807      0x801 ./Core/Src/usart.o
 .debug_line    0x00009008       0x78 ./Core/Startup/startup_stm32f103c8tx.o
 .debug_line    0x00009080      0x9db ./Drivers/STM32F1xx_HAL_Driver/Src/stm32f1xx_hal.o
 .debug_line    0x00009a5b      0xc40 ./Drivers/STM32F1xx_HAL_Driver/Src/stm32f1xx_hal_cortex.o
 .debug_line    0x0000a69b      0xefc ./Drivers/STM32F1xx_HAL_Driver/Src/stm32f1xx_hal_dma.o
 .debug_line    0x0000b597      0xbbe ./Drivers/STM32F1xx_HAL_Driver/Src/stm32f1xx_hal_gpio.o
 .debug_line    0x0000c155     0x3e70 ./Drivers/STM32F1xx_HAL_Driver/Src/stm32f1xx_hal_i2c.o
 .debug_line    0x0000ffc5      0x9d3 ./Drivers/STM32F1xx_HAL_Driver/Src/stm32f1xx_hal_pwr.o
 .debug_line    0x00010998      0xfa5 ./Drivers/STM32F1xx_HAL_Driver/Src/stm32f1xx_hal_rcc.o
 .debug_line    0x0001193d      0x973 ./Drivers/STM32F1xx_HAL_Driver/Src/stm32f1xx_hal_rcc_ex.o
 .debug_line    0x000122b0     0x12d0 ./Drivers/STM32F1xx_HAL_Driver/Src/stm32f1xx_hal_rtc.o
 .debug_line    0x00013580      0xa9c ./Drivers/STM32F1xx_HAL_Driver/Src/stm32f1xx_hal_rtc_ex.o
 .debug_line    0x0001401c     0x2a5e ./Drivers/STM32F1xx_HAL_Driver/Src/stm32f1xx_hal_uart.o

.debug_str      0x00000000    0x875fb
 .debug_str     0x00000000    0x83073 ./Core/Src/at.o
                              0x8347c (size before relaxing)
 .debug_str     0x00083073       0x52 ./Core/Src/crc16.o
                              0x7fc1b (size before relaxing)
 .debug_str     0x000830c5       0x78 ./Core/Src/fonts.o
                               0x3d4c (size before relaxing)
 .debug_str     0x0008313d       0x72 ./Core/Src/gpio.o
                              0x7fc17 (size before relaxing)
 .debug_str     0x000831af      0x2f8 ./Core/Src/i2c.o
                              0x80177 (size before relaxing)
 .debug_str     0x000834a7      0x941 ./Core/Src/main.o
                              0x80df6 (size before relaxing)
 .debug_str     0x00083de8       0x92 ./Core/Src/modbus.o
                              0x83346 (size before relaxing)
 .debug_str     0x00083e7a       0xc8 ./Core/Src/mqtt.o
                              0x807bb (size before relaxing)
 .debug_str     0x00083f42      0x120 ./Core/Src/oled.o
                              0x801bf (size before relaxing)
 .debug_str     0x00084062      0x37c ./Core/Src/rtc.o
                              0x801ba (size before relaxing)
 .debug_str     0x000843de       0x44 ./Core/Src/rtc_delay.o
                              0x7fe32 (size before relaxing)
 .debug_str     0x00084422      0x130 ./Core/Src/sim.o
                              0x80669 (size before relaxing)
 .debug_str     0x00084552       0xd6 ./Core/Src/ssd1306.o
                              0x80253 (size before relaxing)
 .debug_str     0x00084628       0x5a ./Core/Src/stm32f1xx_hal_msp.o
                              0x7fc45 (size before relaxing)
 .debug_str     0x00084682      0x183 ./Core/Src/stm32f1xx_it.o
                              0x8024d (size before relaxing)
 .debug_str     0x00084805      0x4dc ./Core/Src/sysmem.o
                               0x6066 (size before relaxing)
 .debug_str     0x00084ce1       0x7e ./Core/Src/system_stm32f1xx.o
                              0x7fc70 (size before relaxing)
 .debug_str     0x00084d5f       0x51 ./Core/Src/usart.o
                              0x8043b (size before relaxing)
 .debug_str     0x00084db0       0x44 ./Core/Startup/startup_stm32f103c8tx.o
                                 0x71 (size before relaxing)
 .debug_str     0x00084df4      0x384 ./Drivers/STM32F1xx_HAL_Driver/Src/stm32f1xx_hal.o
                              0x803c3 (size before relaxing)
 .debug_str     0x00085178      0x294 ./Drivers/STM32F1xx_HAL_Driver/Src/stm32f1xx_hal_cortex.o
                              0x802fd (size before relaxing)
 .debug_str     0x0008540c      0x23a ./Drivers/STM32F1xx_HAL_Driver/Src/stm32f1xx_hal_dma.o
                              0x80039 (size before relaxing)
 .debug_str     0x00085646      0x2d1 ./Drivers/STM32F1xx_HAL_Driver/Src/stm32f1xx_hal_gpio.o
                              0x80016 (size before relaxing)
 .debug_str     0x00085917      0xb90 ./Drivers/STM32F1xx_HAL_Driver/Src/stm32f1xx_hal_i2c.o
                              0x80d45 (size before relaxing)
 .debug_str     0x000864a7      0x4f5 ./Drivers/STM32F1xx_HAL_Driver/Src/stm32f1xx_hal_pwr.o
                              0x801b5 (size before relaxing)
 .debug_str     0x0008699c      0x1fd ./Drivers/STM32F1xx_HAL_Driver/Src/stm32f1xx_hal_rcc.o
                              0x800ad (size before relaxing)
 .debug_str     0x00086b99       0x9f ./Drivers/STM32F1xx_HAL_Driver/Src/stm32f1xx_hal_rcc_ex.o
                              0x7fdfd (size before relaxing)
 .debug_str     0x00086c38      0x29d ./Drivers/STM32F1xx_HAL_Driver/Src/stm32f1xx_hal_rtc.o
                              0x80189 (size before relaxing)
 .debug_str     0x00086ed5      0x1f6 ./Drivers/STM32F1xx_HAL_Driver/Src/stm32f1xx_hal_rtc_ex.o
                              0x7ffcb (size before relaxing)
 .debug_str     0x000870cb      0x530 ./Drivers/STM32F1xx_HAL_Driver/Src/stm32f1xx_hal_uart.o
                              0x8071e (size before relaxing)

.comment        0x00000000       0x43
 .comment       0x00000000       0x43 ./Core/Src/at.o
                                 0x44 (size before relaxing)
 .comment       0x00000043       0x44 ./Core/Src/crc16.o
 .comment       0x00000043       0x44 ./Core/Src/fonts.o
 .comment       0x00000043       0x44 ./Core/Src/gpio.o
 .comment       0x00000043       0x44 ./Core/Src/i2c.o
 .comment       0x00000043       0x44 ./Core/Src/main.o
 .comment       0x00000043       0x44 ./Core/Src/modbus.o
 .comment       0x00000043       0x44 ./Core/Src/mqtt.o
 .comment       0x00000043       0x44 ./Core/Src/oled.o
 .comment       0x00000043       0x44 ./Core/Src/rtc.o
 .comment       0x00000043       0x44 ./Core/Src/rtc_delay.o
 .comment       0x00000043       0x44 ./Core/Src/sim.o
 .comment       0x00000043       0x44 ./Core/Src/ssd1306.o
 .comment       0x00000043       0x44 ./Core/Src/stm32f1xx_hal_msp.o
 .comment       0x00000043       0x44 ./Core/Src/stm32f1xx_it.o
 .comment       0x00000043       0x44 ./Core/Src/sysmem.o
 .comment       0x00000043       0x44 ./Core/Src/system_stm32f1xx.o
 .comment       0x00000043       0x44 ./Core/Src/usart.o
 .comment       0x00000043       0x44 ./Drivers/STM32F1xx_HAL_Driver/Src/stm32f1xx_hal.o
 .comment       0x00000043       0x44 ./Drivers/STM32F1xx_HAL_Driver/Src/stm32f1xx_hal_cortex.o
 .comment       0x00000043       0x44 ./Drivers/STM32F1xx_HAL_Driver/Src/stm32f1xx_hal_dma.o
 .comment       0x00000043       0x44 ./Drivers/STM32F1xx_HAL_Driver/Src/stm32f1xx_hal_gpio.o
 .comment       0x00000043       0x44 ./Drivers/STM32F1xx_HAL_Driver/Src/stm32f1xx_hal_i2c.o
 .comment       0x00000043       0x44 ./Drivers/STM32F1xx_HAL_Driver/Src/stm32f1xx_hal_pwr.o
 .comment       0x00000043       0x44 ./Drivers/STM32F1xx_HAL_Driver/Src/stm32f1xx_hal_rcc.o
 .comment       0x00000043       0x44 ./Drivers/STM32F1xx_HAL_Driver/Src/stm32f1xx_hal_rcc_ex.o
 .comment       0x00000043       0x44 ./Drivers/STM32F1xx_HAL_Driver/Src/stm32f1xx_hal_rtc.o
 .comment       0x00000043       0x44 ./Drivers/STM32F1xx_HAL_Driver/Src/stm32f1xx_hal_rtc_ex.o
 .comment       0x00000043       0x44 ./Drivers/STM32F1xx_HAL_Driver/Src/stm32f1xx_hal_uart.o

.debug_frame    0x00000000     0x3ed4
 .debug_frame   0x00000000      0x15c ./Core/Src/at.o
 .debug_frame   0x0000015c       0x38 ./Core/Src/crc16.o
 .debug_frame   0x00000194       0x38 ./Core/Src/gpio.o
 .debug_frame   0x000001cc       0x74 ./Core/Src/i2c.o
 .debug_frame   0x00000240      0x190 ./Core/Src/main.o
 .debug_frame   0x000003d0       0xcc ./Core/Src/modbus.o
 .debug_frame   0x0000049c       0xf8 ./Core/Src/mqtt.o
 .debug_frame   0x00000594       0xa0 ./Core/Src/oled.o
 .debug_frame   0x00000634       0x7c ./Core/Src/rtc.o
 .debug_frame   0x000006b0       0x34 ./Core/Src/rtc_delay.o
 .debug_frame   0x000006e4      0x228 ./Core/Src/sim.o
 .debug_frame   0x0000090c      0x164 ./Core/Src/ssd1306.o
 .debug_frame   0x00000a70       0x38 ./Core/Src/stm32f1xx_hal_msp.o
 .debug_frame   0x00000aa8      0x190 ./Core/Src/stm32f1xx_it.o
 .debug_frame   0x00000c38       0x34 ./Core/Src/sysmem.o
 .debug_frame   0x00000c6c       0x58 ./Core/Src/system_stm32f1xx.o
 .debug_frame   0x00000cc4       0x90 ./Core/Src/usart.o
 .debug_frame   0x00000d54      0x334 ./Drivers/STM32F1xx_HAL_Driver/Src/stm32f1xx_hal.o
 .debug_frame   0x00001088      0x424 ./Drivers/STM32F1xx_HAL_Driver/Src/stm32f1xx_hal_cortex.o
 .debug_frame   0x000014ac      0x200 ./Drivers/STM32F1xx_HAL_Driver/Src/stm32f1xx_hal_dma.o
 .debug_frame   0x000016ac      0x138 ./Drivers/STM32F1xx_HAL_Driver/Src/stm32f1xx_hal_gpio.o
 .debug_frame   0x000017e4      0xc70 ./Drivers/STM32F1xx_HAL_Driver/Src/stm32f1xx_hal_i2c.o
 .debug_frame   0x00002454      0x260 ./Drivers/STM32F1xx_HAL_Driver/Src/stm32f1xx_hal_pwr.o
 .debug_frame   0x000026b4      0x214 ./Drivers/STM32F1xx_HAL_Driver/Src/stm32f1xx_hal_rcc.o
 .debug_frame   0x000028c8       0x80 ./Drivers/STM32F1xx_HAL_Driver/Src/stm32f1xx_hal_rcc_ex.o
 .debug_frame   0x00002948      0x438 ./Drivers/STM32F1xx_HAL_Driver/Src/stm32f1xx_hal_rtc.o