../Core/Src/main.c:92:6:HAL_RTC_AlarmAEventCallback	16	static
../Core/Src/main.c:100:6:HAL_GPIO_EXTI_Callback	16	static
../Core/Src/main.c:110:6:HAL_UART_TxCpltCallback	16	static
../Core/Src/main.c:120:6:HAL_UART_RxCpltCallback	16	static
../Core/Src/main.c:130:6:HAL_UARTEx_RxEventCallback	48	static
../Core/Src/main.c:165:5:main	24	static
../Core/Src/main.c:231:6:SystemClock_Config	88	static
../Core/Src/main.c:276:6:repeative_task	8	static
../Core/Src/main.c:283:6:setup	16	static
../Core/Src/main.c:359:6:Error_Handler	4	static,ignoring_inline_asm
../Core/Src/main.c:378:6:assert_failed	16	static
