../Core/Src/main.c:91:6:HAL_RTC_AlarmAEventCallback	16	static
../Core/Src/main.c:99:6:HAL_GPIO_EXTI_Callback	16	static
../Core/Src/main.c:109:6:HAL_UART_TxCpltCallback	16	static
../Core/Src/main.c:119:6:HAL_UART_RxCpltCallback	16	static
../Core/Src/main.c:129:6:HAL_UARTEx_RxEventCallback	48	static
../Core/Src/main.c:164:5:main	24	static
../Core/Src/main.c:229:6:SystemClock_Config	88	static
../Core/Src/main.c:274:6:repeative_task	8	static
../Core/Src/main.c:281:6:setup	16	static
../Core/Src/main.c:354:6:Error_Handler	4	static,ignoring_inline_asm
../Core/Src/main.c:373:6:assert_failed	16	static
