../Core/Src/sim.c:47:6:_sim_finish_operation	8	static
../Core/Src/sim.c:53:6:sim_init	24	static
../Core/Src/sim.c:66:6:sim_event_listen_once	16	static
../Core/Src/sim.c:73:6:sim_event_poll_once	16	static
../Core/Src/sim.c:82:6:sim_event_handler	16	static
../Core/Src/sim.c:100:6:sim_test_at	16	static
../Core/Src/sim.c:113:6:sim_reboot	32	static
../Core/Src/sim.c:123:6:sim_report_error_enable	24	static
../Core/Src/sim.c:134:6:sim_is_ready	16	static
../Core/Src/sim.c:161:6:sim_registered	16	static
../Core/Src/sim.c:178:6:sim_gprs_registered	16	static
../Core/Src/sim.c:197:6:sim_gprs_connect	32	static
../Core/Src/sim.c:214:6:sim_gprs_disconnect	24	static
../Core/Src/sim.c:233:6:sim_app_network_is_connected	16	static
../Core/Src/sim.c:245:6:sim_setup	16	static
